MO M2_1E_MXILINX_mux8b4 NULL mux8b4.vf vlg67/_m2__1_e___m_x_i_l_i_n_x__mux8b4.bin 1447097119
MO mux4b2 NULL mux4b2.vf vlg7E/mux4b2.bin 1447097119
MO mux2b16_MUSER_aluIO NULL aluIO.vf vlg05/mux2b16___m_u_s_e_r__alu_i_o.bin 1447097119
MO M2_1_MXILINX_shift9 NULL shift9.vf vlg05/_m2__1___m_x_i_l_i_n_x__shift9.bin 1447097119
MO opROM NULL remote_sources/_/rotaryInputHexOpHex/ipcore_dir/opROM.v vlg09/op_r_o_m.bin 1447097119
MO M16_1E_MXILINX_input_2_hex_op NULL input_2_hex_op.vf vlg5B/_m16__1_e___m_x_i_l_i_n_x__input__2__hex__op.bin 1447097119
MO mux2b16 NULL mux2b16.vf vlg2D/mux2b16.bin 1447097119
MO M2_1E_MXILINX_lcd_control NULL lcd_control.vf vlg32/_m2__1_e___m_x_i_l_i_n_x__lcd__control.bin 1447097119
MO lcd_cfg_display NULL remote_sources/_/lcdDisplayControl/lcd_cfg_display.v vlg73/lcd__cfg__display.bin 1447097119
MO shift9 NULL shift9.vf vlg6F/shift9.bin 1447097119
MO mux4b2_MUSER_lcd_control NULL lcd_control.vf vlg03/mux4b2___m_u_s_e_r__lcd__control.bin 1447097119
MO M2_1_MXILINX_input_2_hex_op NULL input_2_hex_op.vf vlg39/_m2__1___m_x_i_l_i_n_x__input__2__hex__op.bin 1447097119
MO input_2_hex_op NULL input_2_hex_op.vf vlg63/input__2__hex__op.bin 1447097119
MO mux4b16 NULL mux4b16.vf vlg27/mux4b16.bin 1447097119
MO shift9_MUSER_input_2_hex_op NULL input_2_hex_op.vf vlg38/shift9___m_u_s_e_r__input__2__hex__op.bin 1447097119
MO aluIO NULL aluIO.vf vlg36/alu_i_o.bin 1447097119
MO lcd_control NULL lcd_control.vf vlg13/lcd__control.bin 1447097119
MO timing_MUSER_lcd_control NULL lcd_control.vf vlg79/timing___m_u_s_e_r__lcd__control.bin 1447097119
MO mux8b4 NULL mux8b4.vf vlg64/mux8b4.bin 1447097119
MO M2_1E_MXILINX_input_2_hex_op NULL input_2_hex_op.vf vlg06/_m2__1_e___m_x_i_l_i_n_x__input__2__hex__op.bin 1447097119
MO mux4b16_MUSER_input_2_hex_op NULL input_2_hex_op.vf vlg50/mux4b16___m_u_s_e_r__input__2__hex__op.bin 1447097119
MO FD16CE_MXILINX_aluIO NULL aluIO.vf vlg66/_f_d16_c_e___m_x_i_l_i_n_x__alu_i_o.bin 1447097119
MO lcd_control_master NULL remote_sources/_/lcdDisplayControl/lcd_control_master.v vlg76/lcd__control__master.bin 1447097119
MO M2_1E_MXILINX_mux4b16 NULL mux4b16.vf vlg36/_m2__1_e___m_x_i_l_i_n_x__mux4b16.bin 1447097119
MO M2_1_MXILINX_mux2b16 NULL mux2b16.vf vlg1B/_m2__1___m_x_i_l_i_n_x__mux2b16.bin 1447097119
MO lcd_pwr_on_init NULL remote_sources/_/lcdDisplayControl/lcd_pwr_on_init.v vlg7A/lcd__pwr__on__init.bin 1447097119
MO M4_1E_MXILINX_mux8b4 NULL mux8b4.vf vlg19/_m4__1_e___m_x_i_l_i_n_x__mux8b4.bin 1447097119
MO debounce_counter NULL remote_sources/_/debounce/ipcore_dir/debounce_counter.v vlg40/debounce__counter.bin 1447097119
MO M2_1_MXILINX_mux4b2 NULL mux4b2.vf vlg14/_m2__1___m_x_i_l_i_n_x__mux4b2.bin 1447097119
MO lcd_write_byte NULL remote_sources/_/lcdDisplayControl/lcd_write_byte.v vlg44/lcd__write__byte.bin 1447097119
MO M2_1_MXILINX_lcd_control NULL lcd_control.vf vlg21/_m2__1___m_x_i_l_i_n_x__lcd__control.bin 1447097119
MO hexROM NULL remote_sources/_/rotaryInputHexOpHex/ipcore_dir/hexROM.v vlg0F/hex_r_o_m.bin 1447097119
MO mux8b4_MUSER_lcd_control NULL lcd_control.vf vlg79/mux8b4___m_u_s_e_r__lcd__control.bin 1447097119
MO debouncer NULL debouncer.vf vlg03/debouncer.bin 1447097119
MO timing NULL timing.vf vlg64/timing.bin 1447097119
MO IOcounter4 NULL remote_sources/_/rotaryInputHexOpHex/ipcore_dir/IOcounter4.v vlg40/_i_ocounter4.bin 1447097119
MO M2_1_MXILINX_aluIO NULL aluIO.vf vlg54/_m2__1___m_x_i_l_i_n_x__alu_i_o.bin 1447097119
MO debounceRotary NULL debounceRotary.vf vlg4E/debounce_rotary.bin 1447097119
MO M4_1E_MXILINX_lcd_control NULL lcd_control.vf vlg0C/_m4__1_e___m_x_i_l_i_n_x__lcd__control.bin 1447097119
MO M16_1E_MXILINX_mux4b16 NULL mux4b16.vf vlg7F/_m16__1_e___m_x_i_l_i_n_x__mux4b16.bin 1447097119
MO lcdCounter NULL remote_sources/_/lcdDisplayControl/ipcore_dir/lcdCounter.v vlg23/lcd_counter.bin 1447097119
MO M2_1_MXILINX_mux4b16 NULL mux4b16.vf vlg15/_m2__1___m_x_i_l_i_n_x__mux4b16.bin 1447097119
