MO alu1b NULL alu1b.vf vlg51/alu1b.bin 1447550757
MO claAdde16b NULL claAdde16b.vf vlg33/cla_adde16b.bin 1447550757
MO M16_1E_MXILINX_mux16b16 NULL mux16b16.vf vlg12/_m16__1_e___m_x_i_l_i_n_x__mux16b16.bin 1447550757
MO FD16CE_MXILINX_Memory_Data_Register NULL Memory_Data_Register.vf vlg0E/_f_d16_c_e___m_x_i_l_i_n_x___memory___data___register.bin 1447550757
MO M2_1_MXILINX_claAdder4b NULL claAdder4b.vf vlg38/_m2__1___m_x_i_l_i_n_x__cla_adder4b.bin 1447550757
MO OR8_MXILINX_Final_Data_Path NULL Final_Data_Path.vf vlg73/_o_r8___m_x_i_l_i_n_x___final___data___path.bin 1447550757
MO add1b_MUSER_alu1b NULL alu1b.vf vlg23/add1b___m_u_s_e_r__alu1b.bin 1447550757
MO mux4b2 NULL mux4b2.vf vlg7E/mux4b2.bin 1447550757
MO PC_Register_MUSER_Final_Data_Path NULL Final_Data_Path.vf vlg44/_p_c___register___m_u_s_e_r___final___data___path.bin 1447550757
MO M4_1E_MXILINX_claAdder4b NULL claAdder4b.vf vlg67/_m4__1_e___m_x_i_l_i_n_x__cla_adder4b.bin 1447550757
MO mux4b4 NULL mux4b4.vf vlg00/mux4b4.bin 1447550757
MO MemoryMapDecoder_MUSER_Final_Data_Path NULL Final_Data_Path.vf vlg22/_memory_map_decoder___m_u_s_e_r___final___data___path.bin 1447550757
MO buf16b_MUSER_extend8b16 NULL extend8b16.vf vlg49/buf16b___m_u_s_e_r__extend8b16.bin 1447550757
MO Instruction_Register_MUSER_EPC NULL EPC.vf vlg5C/_instruction___register___m_u_s_e_r___e_p_c.bin 1447550757
MO alu1b_MUSER_claAdde16b NULL claAdde16b.vf vlg42/alu1b___m_u_s_e_r__cla_adde16b.bin 1447550757
MO Old_and_New_Interrupt_MUSER_Final_Data_Path NULL Final_Data_Path.vf vlg77/_old__and___new___interrupt___m_u_s_e_r___final___data___path.bin 1447550757
MO M2_1E_MXILINX_claAdder4b NULL claAdder4b.vf vlg55/_m2__1_e___m_x_i_l_i_n_x__cla_adder4b.bin 1447550757
MO Old_and_New_Interrupt_MUSER_interrupt_control NULL interrupt_control.vf vlg71/_old__and___new___interrupt___m_u_s_e_r__interrupt__control.bin 1447550757
MO Memory_Data_Register_MUSER_reg16b NULL reg16b.vf vlg03/_memory___data___register___m_u_s_e_r__reg16b.bin 1447550757
MO signext8b16 NULL signext8b16.vf vlg53/signext8b16.bin 1447550757
MO mux2b16 NULL mux2b16.vf vlg2D/mux2b16.bin 1447550757
MO claAdder4b_MUSER_claAdde16b NULL claAdde16b.vf vlg77/cla_adder4b___m_u_s_e_r__cla_adde16b.bin 1447550757
MO Memory_Data_Register NULL Memory_Data_Register.vf vlg1E/_memory___data___register.bin 1447550757
MO M4_1E_MXILINX_Final_Data_Path NULL Final_Data_Path.vf vlg6C/_m4__1_e___m_x_i_l_i_n_x___final___data___path.bin 1447550757
MO loadupper8b NULL loadupper8b.vf vlg56/loadupper8b.bin 1447550757
MO add1b_MUSER_claAdde16b NULL claAdde16b.vf vlg2D/add1b___m_u_s_e_r__cla_adde16b.bin 1447550757
MO M4_1E_MXILINX_mux4b16 NULL mux4b16.vf vlg30/_m4__1_e___m_x_i_l_i_n_x__mux4b16.bin 1447550757
MO signext4b16_MUSER_Final_Data_Path NULL Final_Data_Path.vf vlg1C/signext4b16___m_u_s_e_r___final___data___path.bin 1447550757
MO mux2b16_MUSER_Final_Data_Path NULL Final_Data_Path.vf vlg5A/mux2b16___m_u_s_e_r___final___data___path.bin 1447550757
MO PC_Register NULL PC_Register.vf vlg47/_p_c___register.bin 1447550757
MO buf16b_MUSER_interrupt_control NULL interrupt_control.vf vlg05/buf16b___m_u_s_e_r__interrupt__control.bin 1447550757
MO decode4b16_MUSER_Final_Data_Path NULL Final_Data_Path.vf vlg3E/decode4b16___m_u_s_e_r___final___data___path.bin 1447550757
MO M2_1_MXILINX_MemoryMapDecoder NULL MemoryMapDecoder.vf vlg1B/_m2__1___m_x_i_l_i_n_x___memory_map_decoder.bin 1447550757
MO M4_1E_MXILINX_mux4b4 NULL mux4b4.vf vlg35/_m4__1_e___m_x_i_l_i_n_x__mux4b4.bin 1447550757
MO M2_1_MXILINX_mux16b16 NULL mux16b16.vf vlg00/_m2__1___m_x_i_l_i_n_x__mux16b16.bin 1447550757
MO mux16b16_MUSER_MemoryMapDecoder NULL MemoryMapDecoder.vf vlg11/mux16b16___m_u_s_e_r___memory_map_decoder.bin 1447550757
MO decode4b16_MUSER_regFile16b16 NULL regFile16b16.vf vlg4D/decode4b16___m_u_s_e_r__reg_file16b16.bin 1447550757
MO M2_1_MXILINX_Final_Data_Path NULL Final_Data_Path.vf vlg31/_m2__1___m_x_i_l_i_n_x___final___data___path.bin 1447550757
MO Interrupt_Register_MUSER_Old_and_New_Interrupt NULL Old_and_New_Interrupt.vf vlg59/_interrupt___register___m_u_s_e_r___old__and___new___interrupt.bin 1447550757
MO extend8b16_MUSER_interrupt_control NULL interrupt_control.vf vlg30/extend8b16___m_u_s_e_r__interrupt__control.bin 1447550757
MO decode4b16 NULL decode4b16.vf vlg71/decode4b16.bin 1447550757
MO Or16b2_MUSER_interrupt_control NULL interrupt_control.vf vlg4B/_or16b2___m_u_s_e_r__interrupt__control.bin 1447550757
MO mux16b16_MUSER_Final_Data_Path NULL Final_Data_Path.vf vlg2F/mux16b16___m_u_s_e_r___final___data___path.bin 1447550757
MO INV4_MXILINX_claAdder4b NULL claAdder4b.vf vlg5E/_i_n_v4___m_x_i_l_i_n_x__cla_adder4b.bin 1447550757
MO Decoder3b8_MUSER_Old_and_New_Interrupt NULL Old_and_New_Interrupt.vf vlg5B/_decoder3b8___m_u_s_e_r___old__and___new___interrupt.bin 1447550757
MO mux16b16_MUSER_regFile16b16 NULL regFile16b16.vf vlg52/mux16b16___m_u_s_e_r__reg_file16b16.bin 1447550757
MO Instruction_Register_MUSER_Final_Data_Path NULL Final_Data_Path.vf vlg0F/_instruction___register___m_u_s_e_r___final___data___path.bin 1447550757
MO reg16b_MUSER_Final_Data_Path NULL Final_Data_Path.vf vlg10/reg16b___m_u_s_e_r___final___data___path.bin 1447550757
MO mux3b16_MUSER_Final_Data_Path NULL Final_Data_Path.vf vlg7F/mux3b16___m_u_s_e_r___final___data___path.bin 1447550757
MO buf16b_MUSER_signext4b16 NULL signext4b16.vf vlg07/buf16b___m_u_s_e_r__signext4b16.bin 1447550757
MO M2_1E_MXILINX_alu1b NULL alu1b.vf vlg38/_m2__1_e___m_x_i_l_i_n_x__alu1b.bin 1447550757
MO buf16b_MUSER_Final_Data_Path NULL Final_Data_Path.vf vlg2B/buf16b___m_u_s_e_r___final___data___path.bin 1447550757
MO M16_1E_MXILINX_regFile16b16 NULL regFile16b16.vf vlg6E/_m16__1_e___m_x_i_l_i_n_x__reg_file16b16.bin 1447550757
MO M2_1E_MXILINX_MemoryMapDecoder NULL MemoryMapDecoder.vf vlg20/_m2__1_e___m_x_i_l_i_n_x___memory_map_decoder.bin 1447550757
MO M2_1_MXILINX_alu1b NULL alu1b.vf vlg6F/_m2__1___m_x_i_l_i_n_x__alu1b.bin 1447550757
MO M2_1E_MXILINX_regFile16b16 NULL regFile16b16.vf vlg51/_m2__1_e___m_x_i_l_i_n_x__reg_file16b16.bin 1447550757
MO xor4b2_MUSER_Final_Data_Path NULL Final_Data_Path.vf vlg7E/xor4b2___m_u_s_e_r___final___data___path.bin 1447550757
MO M2_1_MXILINX_interrupt_control NULL interrupt_control.vf vlg1B/_m2__1___m_x_i_l_i_n_x__interrupt__control.bin 1447550757
MO EPC NULL EPC.vf vlg10/_e_p_c.bin 1447550757
MO Interrupt_Register_MUSER_Final_Data_Path NULL Final_Data_Path.vf vlg02/_interrupt___register___m_u_s_e_r___final___data___path.bin 1447550757
MO claAdder4b NULL claAdder4b.vf vlg02/cla_adder4b.bin 1447550757
MO regFile16b16 NULL regFile16b16.vf vlg36/reg_file16b16.bin 1447550757
MO mux4b2_MUSER_interrupt_control NULL interrupt_control.vf vlg0D/mux4b2___m_u_s_e_r__interrupt__control.bin 1447550757
MO add1b_MUSER_Final_Data_Path NULL Final_Data_Path.vf vlg45/add1b___m_u_s_e_r___final___data___path.bin 1447550757
MO FD16CE_MXILINX_Instruction_Register NULL Instruction_Register.vf vlg2A/_f_d16_c_e___m_x_i_l_i_n_x___instruction___register.bin 1447550757
MO FD16CE_MXILINX_Final_Data_Path NULL Final_Data_Path.vf vlg33/_f_d16_c_e___m_x_i_l_i_n_x___final___data___path.bin 1447550757
MO mux4b16_MUSER_Final_Data_Path NULL Final_Data_Path.vf vlg24/mux4b16___m_u_s_e_r___final___data___path.bin 1447550757
MO M16_1E_MXILINX_Final_Data_Path NULL Final_Data_Path.vf vlg5B/_m16__1_e___m_x_i_l_i_n_x___final___data___path.bin 1447550757
MO Decoder3b8 NULL Decoder3b8.vf vlg77/_decoder3b8.bin 1447550757
MO FD16CE_MXILINX_reg16b NULL reg16b.vf vlg23/_f_d16_c_e___m_x_i_l_i_n_x__reg16b.bin 1447550757
MO mux4b16 NULL mux4b16.vf vlg27/mux4b16.bin 1447550757
MO OR8_MXILINX_interrupt_control NULL interrupt_control.vf vlg0D/_o_r8___m_x_i_l_i_n_x__interrupt__control.bin 1447550757
MO mux16b16 NULL mux16b16.vf vlg5A/mux16b16.bin 1447550757
MO alu1b_MUSER_claAdder4b NULL claAdder4b.vf vlg11/alu1b___m_u_s_e_r__cla_adder4b.bin 1447550757
MO extend8b16_MUSER_Final_Data_Path NULL Final_Data_Path.vf vlg0E/extend8b16___m_u_s_e_r___final___data___path.bin 1447550757
MO MemoryMapDecoder NULL MemoryMapDecoder.vf vlg35/_memory_map_decoder.bin 1447550757
MO M2_1E_MXILINX_mux4b4 NULL mux4b4.vf vlg03/_m2__1_e___m_x_i_l_i_n_x__mux4b4.bin 1447550757
MO Instruction_Register NULL Instruction_Register.vf vlg3A/_instruction___register.bin 1447550757
MO add1b_MUSER_claAdder4b NULL claAdder4b.vf vlg7C/add1b___m_u_s_e_r__cla_adder4b.bin 1447550757
MO mux3b1_MUSER_mux3b16 NULL mux3b16.vf vlg70/mux3b1___m_u_s_e_r__mux3b16.bin 1447550757
MO memory NULL ipcore_dir/memory.v vlg69/memory.bin 1447550757
MO extend8b16 NULL extend8b16.vf vlg41/extend8b16.bin 1447550757
MO signext4b16 NULL signext4b16.vf vlg5F/signext4b16.bin 1447550757
MO STATE_CONTROL_UNIT_2 NULL STATE_CONTROL_UNIT_2.v vlg3D/_s_t_a_t_e___c_o_n_t_r_o_l___u_n_i_t__2.bin 1447550757
MO loadupper8b_MUSER_Final_Data_Path NULL Final_Data_Path.vf vlg0B/loadupper8b___m_u_s_e_r___final___data___path.bin 1447550757
MO add1b NULL add1b.vf vlg40/add1b.bin 1447550757
MO signext8b16_MUSER_Final_Data_Path NULL Final_Data_Path.vf vlg30/signext8b16___m_u_s_e_r___final___data___path.bin 1447550757
MO FD16CE_MXILINX_regFile16b16 NULL regFile16b16.vf vlg26/_f_d16_c_e___m_x_i_l_i_n_x__reg_file16b16.bin 1447550757
MO alu1b_MUSER_Final_Data_Path NULL Final_Data_Path.vf vlg1E/alu1b___m_u_s_e_r___final___data___path.bin 1447550757
MO claAdder4b_MUSER_Final_Data_Path NULL Final_Data_Path.vf vlg17/cla_adder4b___m_u_s_e_r___final___data___path.bin 1447550757
MO Or16b2_MUSER_Final_Data_Path NULL Final_Data_Path.vf vlg61/_or16b2___m_u_s_e_r___final___data___path.bin 1447550757
MO Decoder3b8_MUSER_Final_Data_Path NULL Final_Data_Path.vf vlg74/_decoder3b8___m_u_s_e_r___final___data___path.bin 1447550757
MO mux3b1_MUSER_Final_Data_Path NULL Final_Data_Path.vf vlg09/mux3b1___m_u_s_e_r___final___data___path.bin 1447550757
MO M2_1_MXILINX_claAdde16b NULL claAdde16b.vf vlg69/_m2__1___m_x_i_l_i_n_x__cla_adde16b.bin 1447550757
MO interrupt_control_MUSER_Final_Data_Path NULL Final_Data_Path.vf vlg4A/interrupt__control___m_u_s_e_r___final___data___path.bin 1447550757
MO M4_1E_MXILINX_claAdde16b NULL claAdde16b.vf vlg18/_m4__1_e___m_x_i_l_i_n_x__cla_adde16b.bin 1447550757
MO M2_1E_MXILINX_mux4b16 NULL mux4b16.vf vlg36/_m2__1_e___m_x_i_l_i_n_x__mux4b16.bin 1447550757
MO M2_1_MXILINX_mux2b16 NULL mux2b16.vf vlg1B/_m2__1___m_x_i_l_i_n_x__mux2b16.bin 1447550757
MO xor4b2_MUSER_interrupt_control NULL interrupt_control.vf vlg20/xor4b2___m_u_s_e_r__interrupt__control.bin 1447550757
MO M2_1_MXILINX_regFile16b16 NULL regFile16b16.vf vlg7C/_m2__1___m_x_i_l_i_n_x__reg_file16b16.bin 1447550757
MO M2_1E_MXILINX_mux16b16 NULL mux16b16.vf vlg25/_m2__1_e___m_x_i_l_i_n_x__mux16b16.bin 1447550757
MO mux6b16 NULL mux6b16.v vlg21/mux6b16.bin 1447550757
MO regFile16b16_MUSER_Final_Data_Path NULL Final_Data_Path.vf vlg6B/reg_file16b16___m_u_s_e_r___final___data___path.bin 1447550757
MO Old_and_New_Interrupt NULL Old_and_New_Interrupt.vf vlg62/_old__and___new___interrupt.bin 1447550757
MO M2_1E_MXILINX_claAdde16b NULL claAdde16b.vf vlg06/_m2__1_e___m_x_i_l_i_n_x__cla_adde16b.bin 1447550757
MO Final_Data_Path NULL Final_Data_Path.vf vlg03/_final___data___path.bin 1447550757
MO M2_1_MXILINX_mux4b2 NULL mux4b2.vf vlg14/_m2__1___m_x_i_l_i_n_x__mux4b2.bin 1447550757
MO M16_1E_MXILINX_MemoryMapDecoder NULL MemoryMapDecoder.vf vlg6D/_m16__1_e___m_x_i_l_i_n_x___memory_map_decoder.bin 1447550757
MO interrupt_control NULL interrupt_control.vf vlg1D/interrupt__control.bin 1447550757
MO FD16CE_MXILINX_EPC NULL EPC.vf vlg40/_f_d16_c_e___m_x_i_l_i_n_x___e_p_c.bin 1447550757
MO Decoder3b8_MUSER_Interrupt_Register NULL Interrupt_Register.vf vlg42/_decoder3b8___m_u_s_e_r___interrupt___register.bin 1447550757
MO AND8_MXILINX_Final_Data_Path NULL Final_Data_Path.vf vlg11/_a_n_d8___m_x_i_l_i_n_x___final___data___path.bin 1447550757
MO mux4b4_MUSER_Final_Data_Path NULL Final_Data_Path.vf vlg05/mux4b4___m_u_s_e_r___final___data___path.bin 1447550757
MO mux3b16 NULL mux3b16.vf vlg2A/mux3b16.bin 1447550757
MO M4_1E_MXILINX_alu1b NULL alu1b.vf vlg42/_m4__1_e___m_x_i_l_i_n_x__alu1b.bin 1447550757
MO xor4b2 NULL xor4b2.vf vlg31/xor4b2.bin 1447550757
MO Or16b2_MUSER_Old_and_New_Interrupt NULL Old_and_New_Interrupt.vf vlg30/_or16b2___m_u_s_e_r___old__and___new___interrupt.bin 1447550757
MO Memory_Data_Register_MUSER_Final_Data_Path NULL Final_Data_Path.vf vlg13/_memory___data___register___m_u_s_e_r___final___data___path.bin 1447550757
MO Interrupt_Register NULL Interrupt_Register.vf vlg15/_interrupt___register.bin 1447550757
MO Or16b2 NULL Or16b2.vf vlg7C/_or16b2.bin 1447550757
MO mux4b2_MUSER_Final_Data_Path NULL Final_Data_Path.vf vlg73/mux4b2___m_u_s_e_r___final___data___path.bin 1447550757
MO EPC_MUSER_Final_Data_Path NULL Final_Data_Path.vf vlg15/_e_p_c___m_u_s_e_r___final___data___path.bin 1447550757
MO claAdde16b_MUSER_Final_Data_Path NULL Final_Data_Path.vf vlg10/cla_adde16b___m_u_s_e_r___final___data___path.bin 1447550757
MO Interrupt_Register_MUSER_interrupt_control NULL interrupt_control.vf vlg04/_interrupt___register___m_u_s_e_r__interrupt__control.bin 1447550757
MO buf16b_MUSER_signext8b16 NULL signext8b16.vf vlg7B/buf16b___m_u_s_e_r__signext8b16.bin 1447550757
MO M2_1E_MXILINX_Final_Data_Path NULL Final_Data_Path.vf vlg32/_m2__1_e___m_x_i_l_i_n_x___final___data___path.bin 1447550757
MO reg16b NULL reg16b.vf vlg33/reg16b.bin 1447550757
MO mux3b1 NULL mux3b1.vf vlg64/mux3b1.bin 1447550757
MO buf16b_MUSER_loadupper8b NULL loadupper8b.vf vlg7E/buf16b___m_u_s_e_r__loadupper8b.bin 1447550757
MO FD16CE_MXILINX_PC_Register NULL PC_Register.vf vlg77/_f_d16_c_e___m_x_i_l_i_n_x___p_c___register.bin 1447550757
MO INV4_MXILINX_claAdde16b NULL claAdde16b.vf vlg0F/_i_n_v4___m_x_i_l_i_n_x__cla_adde16b.bin 1447550757
MO Decoder3b8_MUSER_interrupt_control NULL interrupt_control.vf vlg26/_decoder3b8___m_u_s_e_r__interrupt__control.bin 1447550757
MO buf16b NULL buf16b.vf vlg76/buf16b.bin 1447550757
MO INV4_MXILINX_Final_Data_Path NULL Final_Data_Path.vf vlg0F/_i_n_v4___m_x_i_l_i_n_x___final___data___path.bin 1447550757
