MO alu1b NULL alu1b.vf vlg51/alu1b.bin 1446924136
MO claAdde16b NULL claAdde16b.vf vlg33/cla_adde16b.bin 1446924136
MO M2_1_MXILINX_claAdder4b NULL claAdder4b.vf vlg38/_m2__1___m_x_i_l_i_n_x__cla_adder4b.bin 1446924136
MO add1b_MUSER_alu1b NULL alu1b.vf vlg23/add1b___m_u_s_e_r__alu1b.bin 1446924136
MO M4_1E_MXILINX_claAdder4b NULL claAdder4b.vf vlg67/_m4__1_e___m_x_i_l_i_n_x__cla_adder4b.bin 1446924136
MO alu1b_MUSER_claAdde16b NULL claAdde16b.vf vlg42/alu1b___m_u_s_e_r__cla_adde16b.bin 1446924136
MO M2_1E_MXILINX_claAdder4b NULL claAdder4b.vf vlg55/_m2__1_e___m_x_i_l_i_n_x__cla_adder4b.bin 1446924136
MO claAdder4b_MUSER_claAdde16b NULL claAdde16b.vf vlg77/cla_adder4b___m_u_s_e_r__cla_adde16b.bin 1446924136
MO add1b_MUSER_claAdde16b NULL claAdde16b.vf vlg2D/add1b___m_u_s_e_r__cla_adde16b.bin 1446924136
MO INV4_MXILINX_claAdder4b NULL claAdder4b.vf vlg5E/_i_n_v4___m_x_i_l_i_n_x__cla_adder4b.bin 1446924136
MO M2_1E_MXILINX_alu1b NULL alu1b.vf vlg38/_m2__1_e___m_x_i_l_i_n_x__alu1b.bin 1446924136
MO M2_1_MXILINX_alu1b NULL alu1b.vf vlg6F/_m2__1___m_x_i_l_i_n_x__alu1b.bin 1446924136
MO claAdder4b NULL claAdder4b.vf vlg02/cla_adder4b.bin 1446924136
MO alu1b_MUSER_claAdder4b NULL claAdder4b.vf vlg11/alu1b___m_u_s_e_r__cla_adder4b.bin 1446924136
MO add1b_MUSER_claAdder4b NULL claAdder4b.vf vlg7C/add1b___m_u_s_e_r__cla_adder4b.bin 1446924136
MO add1b NULL add1b.vf vlg40/add1b.bin 1446924136
MO M2_1_MXILINX_claAdde16b NULL claAdde16b.vf vlg69/_m2__1___m_x_i_l_i_n_x__cla_adde16b.bin 1446924136
MO M4_1E_MXILINX_claAdde16b NULL claAdde16b.vf vlg18/_m4__1_e___m_x_i_l_i_n_x__cla_adde16b.bin 1446924136
MO M2_1E_MXILINX_claAdde16b NULL claAdde16b.vf vlg06/_m2__1_e___m_x_i_l_i_n_x__cla_adde16b.bin 1446924136
MO M4_1E_MXILINX_alu1b NULL alu1b.vf vlg42/_m4__1_e___m_x_i_l_i_n_x__alu1b.bin 1446924136
MO INV4_MXILINX_claAdde16b NULL claAdde16b.vf vlg0F/_i_n_v4___m_x_i_l_i_n_x__cla_adde16b.bin 1446924136
