MO claAdder4b NULL claAdder4b.vf vlg02/cla_adder4b.bin 1446749957
MO add1b_MUSER_claAdder4b NULL claAdder4b.vf vlg7C/add1b___m_u_s_e_r__cla_adder4b.bin 1446749957
MO cla1b_MUSER_claAdder4b NULL claAdder4b.vf vlg37/cla1b___m_u_s_e_r__cla_adder4b.bin 1446749957
MO add1b NULL add1b.vf vlg40/add1b.bin 1446749957
MO cla1b NULL cla1b.vf vlg3F/cla1b.bin 1446749957
