--------------------------------------------------------------------------------
Release 14.7 Trace  (lin64)
Copyright (c) 1995-2013 Xilinx, Inc.  All rights reserved.

/opt/Xilinx/14.7/ISE_DS/ISE/bin/lin64/unwrapped/trce -intstyle ise -v 3 -s 4 -n
3 -fastpaths -xml testALU.twx testALU.ncd -o testALU.twr testALU.pcf

Design file:              testALU.ncd
Physical constraint file: testALU.pcf
Device,package,speed:     xc3s500e,fg320,-4 (PRODUCTION 1.27 2013-10-13)
Report level:             verbose report

Environment Variable      Effect 
--------------------      ------ 
NONE                      No environment variables were set
--------------------------------------------------------------------------------

INFO:Timing:2698 - No timing constraints found, doing default enumeration.
INFO:Timing:3412 - To improve timing, see the Timing Closure User Guide (UG612).
INFO:Timing:2752 - To get complete path coverage, use the unconstrained paths 
   option. All paths that are not constrained will be reported in the 
   unconstrained paths section(s) of the report.
INFO:Timing:3339 - The clock-to-out numbers in this timing report are based on 
   a 50 Ohm transmission line loading model.  For the details of this model, 
   and for more information on accounting for different loading conditions, 
   please see the device datasheet.
INFO:Timing:3390 - This architecture does not support a default System Jitter 
   value, please add SYSTEM_JITTER constraint to the UCF to modify the Clock 
   Uncertainty calculation.
INFO:Timing:3389 - This architecture does not support 'Discrete Jitter' and 
   'Phase Error' calculations, these terms will be zero in the Clock 
   Uncertainty calculation.  Please make appropriate modification to 
   SYSTEM_JITTER to account for the unsupported Discrete Jitter and Phase 
   Error.



Data Sheet report:
-----------------
All values displayed in nanoseconds (ns)

Pad to Pad
---------------+---------------+---------+
Source Pad     |Destination Pad|  Delay  |
---------------+---------------+---------+
A<0>           |R<0>           |   26.127|
A<0>           |R<1>           |   12.443|
A<0>           |R<2>           |   13.367|
A<0>           |R<3>           |   14.541|
A<0>           |R<4>           |   15.843|
A<0>           |R<5>           |   15.931|
A<0>           |R<6>           |   16.179|
A<0>           |R<7>           |   17.001|
A<0>           |R<8>           |   18.953|
A<0>           |R<9>           |   20.226|
A<0>           |R<10>          |   20.969|
A<0>           |R<11>          |   21.770|
A<0>           |R<12>          |   22.857|
A<0>           |R<13>          |   24.182|
A<0>           |R<14>          |   24.796|
A<0>           |R<15>          |   27.334|
A<0>           |c_out          |   15.131|
A<0>           |clRes<0>       |   12.023|
A<0>           |clRes<1>       |   10.480|
A<0>           |clRes<2>       |   10.861|
A<0>           |clRes<3>       |   12.164|
A<0>           |clRes<4>       |   16.859|
A<0>           |clRes<5>       |   15.527|
A<0>           |clRes<6>       |   14.534|
A<0>           |clRes<7>       |   16.938|
A<0>           |clRes<8>       |   19.681|
A<0>           |clRes<9>       |   16.064|
A<0>           |clRes<10>      |   15.722|
A<0>           |clRes<11>      |   19.043|
A<0>           |clRes<12>      |   19.873|
A<0>           |clRes<13>      |   18.045|
A<0>           |clRes<14>      |   17.194|
A<0>           |clRes<15>      |   20.632|
A<0>           |overflow       |   19.075|
A<0>           |ovfl           |   24.686|
A<0>           |zero           |   22.857|
A<0>           |zeroZ          |   29.278|
A<1>           |R<0>           |   24.107|
A<1>           |R<1>           |   10.935|
A<1>           |R<2>           |   11.347|
A<1>           |R<3>           |   12.521|
A<1>           |R<4>           |   13.823|
A<1>           |R<5>           |   13.911|
A<1>           |R<6>           |   14.159|
A<1>           |R<7>           |   14.981|
A<1>           |R<8>           |   16.933|
A<1>           |R<9>           |   18.206|
A<1>           |R<10>          |   18.949|
A<1>           |R<11>          |   19.750|
A<1>           |R<12>          |   20.837|
A<1>           |R<13>          |   22.162|
A<1>           |R<14>          |   22.776|
A<1>           |R<15>          |   25.314|
A<1>           |c_out          |   14.965|
A<1>           |clRes<0>       |   12.294|
A<1>           |clRes<1>       |    9.418|
A<1>           |clRes<2>       |   11.132|
A<1>           |clRes<3>       |   12.435|
A<1>           |clRes<4>       |   16.693|
A<1>           |clRes<5>       |   15.361|
A<1>           |clRes<6>       |   14.368|
A<1>           |clRes<7>       |   16.772|
A<1>           |clRes<8>       |   19.515|
A<1>           |clRes<9>       |   15.898|
A<1>           |clRes<10>      |   15.556|
A<1>           |clRes<11>      |   18.877|
A<1>           |clRes<12>      |   19.707|
A<1>           |clRes<13>      |   17.879|
A<1>           |clRes<14>      |   17.028|
A<1>           |clRes<15>      |   20.466|
A<1>           |overflow       |   18.909|
A<1>           |ovfl           |   22.666|
A<1>           |zero           |   22.691|
A<1>           |zeroZ          |   27.258|
A<2>           |R<0>           |   23.479|
A<2>           |R<2>           |   10.612|
A<2>           |R<3>           |   11.893|
A<2>           |R<4>           |   13.195|
A<2>           |R<5>           |   13.283|
A<2>           |R<6>           |   13.531|
A<2>           |R<7>           |   14.353|
A<2>           |R<8>           |   16.305|
A<2>           |R<9>           |   17.578|
A<2>           |R<10>          |   18.321|
A<2>           |R<11>          |   19.122|
A<2>           |R<12>          |   20.209|
A<2>           |R<13>          |   21.534|
A<2>           |R<14>          |   22.148|
A<2>           |R<15>          |   24.686|
A<2>           |c_out          |   14.521|
A<2>           |clRes<0>       |   10.796|
A<2>           |clRes<2>       |    8.602|
A<2>           |clRes<3>       |   10.937|
A<2>           |clRes<4>       |   16.249|
A<2>           |clRes<5>       |   14.917|
A<2>           |clRes<6>       |   13.924|
A<2>           |clRes<7>       |   16.328|
A<2>           |clRes<8>       |   19.071|
A<2>           |clRes<9>       |   15.454|
A<2>           |clRes<10>      |   15.112|
A<2>           |clRes<11>      |   18.433|
A<2>           |clRes<12>      |   19.263|
A<2>           |clRes<13>      |   17.435|
A<2>           |clRes<14>      |   16.584|
A<2>           |clRes<15>      |   20.022|
A<2>           |overflow       |   18.465|
A<2>           |ovfl           |   22.038|
A<2>           |zero           |   22.247|
A<2>           |zeroZ          |   26.630|
A<3>           |R<0>           |   22.921|
A<3>           |R<3>           |   10.687|
A<3>           |R<4>           |   12.637|
A<3>           |R<5>           |   12.725|
A<3>           |R<6>           |   12.973|
A<3>           |R<7>           |   13.795|
A<3>           |R<8>           |   15.747|
A<3>           |R<9>           |   17.020|
A<3>           |R<10>          |   17.763|
A<3>           |R<11>          |   18.564|
A<3>           |R<12>          |   19.651|
A<3>           |R<13>          |   20.976|
A<3>           |R<14>          |   21.590|
A<3>           |R<15>          |   24.128|
A<3>           |c_out          |   15.864|
A<3>           |clRes<0>       |    8.955|
A<3>           |clRes<3>       |    9.096|
A<3>           |clRes<4>       |   17.592|
A<3>           |clRes<5>       |   16.260|
A<3>           |clRes<6>       |   15.267|
A<3>           |clRes<7>       |   17.671|
A<3>           |clRes<8>       |   20.414|
A<3>           |clRes<9>       |   16.797|
A<3>           |clRes<10>      |   16.455|
A<3>           |clRes<11>      |   19.776|
A<3>           |clRes<12>      |   20.606|
A<3>           |clRes<13>      |   18.778|
A<3>           |clRes<14>      |   17.927|
A<3>           |clRes<15>      |   21.365|
A<3>           |overflow       |   19.808|
A<3>           |ovfl           |   21.480|
A<3>           |zero           |   23.590|
A<3>           |zeroZ          |   26.072|
A<4>           |R<0>           |   21.589|
A<4>           |R<4>           |   10.044|
A<4>           |R<5>           |   11.393|
A<4>           |R<6>           |   11.641|
A<4>           |R<7>           |   12.463|
A<4>           |R<8>           |   14.415|
A<4>           |R<9>           |   15.688|
A<4>           |R<10>          |   16.431|
A<4>           |R<11>          |   17.232|
A<4>           |R<12>          |   18.319|
A<4>           |R<13>          |   19.644|
A<4>           |R<14>          |   20.258|
A<4>           |R<15>          |   22.796|
A<4>           |c_out          |   13.914|
A<4>           |clRes<4>       |   12.331|
A<4>           |clRes<5>       |   10.163|
A<4>           |clRes<6>       |   10.114|
A<4>           |clRes<7>       |   12.410|
A<4>           |clRes<8>       |   18.154|
A<4>           |clRes<9>       |   14.537|
A<4>           |clRes<10>      |   14.195|
A<4>           |clRes<11>      |   17.516|
A<4>           |clRes<12>      |   21.350|
A<4>           |clRes<13>      |   19.522|
A<4>           |clRes<14>      |   18.671|
A<4>           |clRes<15>      |   22.109|
A<4>           |overflow       |   20.552|
A<4>           |ovfl           |   20.148|
A<4>           |zero           |   24.334|
A<4>           |zeroZ          |   24.740|
A<5>           |R<0>           |   20.851|
A<5>           |R<5>           |   10.606|
A<5>           |R<6>           |   10.903|
A<5>           |R<7>           |   11.725|
A<5>           |R<8>           |   13.677|
A<5>           |R<9>           |   14.950|
A<5>           |R<10>          |   15.693|
A<5>           |R<11>          |   16.494|
A<5>           |R<12>          |   17.581|
A<5>           |R<13>          |   18.906|
A<5>           |R<14>          |   19.520|
A<5>           |R<15>          |   22.058|
A<5>           |c_out          |   13.694|
A<5>           |clRes<4>       |   13.184|
A<5>           |clRes<5>       |    9.748|
A<5>           |clRes<6>       |   10.859|
A<5>           |clRes<7>       |   13.263|
A<5>           |clRes<8>       |   17.944|
A<5>           |clRes<9>       |   14.327|
A<5>           |clRes<10>      |   13.985|
A<5>           |clRes<11>      |   17.306|
A<5>           |clRes<12>      |   21.130|
A<5>           |clRes<13>      |   19.302|
A<5>           |clRes<14>      |   18.451|
A<5>           |clRes<15>      |   21.889|
A<5>           |overflow       |   20.332|
A<5>           |ovfl           |   19.410|
A<5>           |zero           |   24.114|
A<5>           |zeroZ          |   24.002|
A<6>           |R<0>           |   18.585|
A<6>           |R<6>           |    8.563|
A<6>           |R<7>           |    9.459|
A<6>           |R<8>           |   11.411|
A<6>           |R<9>           |   12.684|
A<6>           |R<10>          |   13.427|
A<6>           |R<11>          |   14.228|
A<6>           |R<12>          |   15.315|
A<6>           |R<13>          |   16.640|
A<6>           |R<14>          |   17.254|
A<6>           |R<15>          |   19.792|
A<6>           |c_out          |   13.516|
A<6>           |clRes<4>       |   11.321|
A<6>           |clRes<6>       |    8.200|
A<6>           |clRes<7>       |   11.400|
A<6>           |clRes<8>       |   18.322|
A<6>           |clRes<9>       |   14.705|
A<6>           |clRes<10>      |   14.363|
A<6>           |clRes<11>      |   17.684|
A<6>           |clRes<12>      |   20.336|
A<6>           |clRes<13>      |   18.508|
A<6>           |clRes<14>      |   17.657|
A<6>           |clRes<15>      |   21.095|
A<6>           |overflow       |   19.538|
A<6>           |ovfl           |   17.144|
A<6>           |zero           |   23.320|
A<6>           |zeroZ          |   21.736|
A<7>           |R<0>           |   17.525|
A<7>           |R<7>           |    8.445|
A<7>           |R<8>           |   10.351|
A<7>           |R<9>           |   11.624|
A<7>           |R<10>          |   12.367|
A<7>           |R<11>          |   13.168|
A<7>           |R<12>          |   14.255|
A<7>           |R<13>          |   15.580|
A<7>           |R<14>          |   16.194|
A<7>           |R<15>          |   18.732|
A<7>           |c_out          |   13.045|
A<7>           |clRes<4>       |    9.610|
A<7>           |clRes<7>       |    9.689|
A<7>           |clRes<8>       |   17.851|
A<7>           |clRes<9>       |   14.234|
A<7>           |clRes<10>      |   13.892|
A<7>           |clRes<11>      |   17.213|
A<7>           |clRes<12>      |   20.191|
A<7>           |clRes<13>      |   18.363|
A<7>           |clRes<14>      |   17.512|
A<7>           |clRes<15>      |   20.950|
A<7>           |overflow       |   19.393|
A<7>           |ovfl           |   16.084|
A<7>           |zero           |   23.175|
A<7>           |zeroZ          |   20.676|
A<8>           |R<0>           |   16.605|
A<8>           |R<8>           |    8.686|
A<8>           |R<9>           |   10.704|
A<8>           |R<10>          |   11.447|
A<8>           |R<11>          |   12.248|
A<8>           |R<12>          |   13.335|
A<8>           |R<13>          |   14.660|
A<8>           |R<14>          |   15.274|
A<8>           |R<15>          |   17.812|
A<8>           |c_out          |   13.166|
A<8>           |clRes<8>       |   14.745|
A<8>           |clRes<9>       |   11.128|
A<8>           |clRes<10>      |   10.786|
A<8>           |clRes<11>      |   14.107|
A<8>           |clRes<12>      |   19.051|
A<8>           |clRes<13>      |   17.223|
A<8>           |clRes<14>      |   16.372|
A<8>           |clRes<15>      |   19.810|
A<8>           |overflow       |   18.253|
A<8>           |ovfl           |   15.164|
A<8>           |zero           |   22.035|
A<8>           |zeroZ          |   19.756|
A<9>           |R<0>           |   15.321|
A<9>           |R<9>           |    9.464|
A<9>           |R<10>          |   10.163|
A<9>           |R<11>          |   10.964|
A<9>           |R<12>          |   12.051|
A<9>           |R<13>          |   13.376|
A<9>           |R<14>          |   13.990|
A<9>           |R<15>          |   16.528|
A<9>           |c_out          |   13.651|
A<9>           |clRes<8>       |   13.966|
A<9>           |clRes<9>       |    8.402|
A<9>           |clRes<10>      |    9.681|
A<9>           |clRes<11>      |   13.328|
A<9>           |clRes<12>      |   19.536|
A<9>           |clRes<13>      |   17.708|
A<9>           |clRes<14>      |   16.857|
A<9>           |clRes<15>      |   20.295|
A<9>           |overflow       |   18.738|
A<9>           |ovfl           |   13.880|
A<9>           |zero           |   22.520|
A<9>           |zeroZ          |   18.472|
A<10>          |R<0>           |   14.116|
A<10>          |R<10>          |    9.167|
A<10>          |R<11>          |    9.759|
A<10>          |R<12>          |   10.846|
A<10>          |R<13>          |   12.171|
A<10>          |R<14>          |   12.785|
A<10>          |R<15>          |   15.323|
A<10>          |c_out          |   12.152|
A<10>          |clRes<8>       |   12.467|
A<10>          |clRes<10>      |    7.302|
A<10>          |clRes<11>      |   11.829|
A<10>          |clRes<12>      |   18.037|
A<10>          |clRes<13>      |   16.209|
A<10>          |clRes<14>      |   15.358|
A<10>          |clRes<15>      |   18.796|
A<10>          |overflow       |   17.239|
A<10>          |ovfl           |   12.675|
A<10>          |zero           |   21.021|
A<10>          |zeroZ          |   17.267|
A<11>          |R<0>           |   12.615|
A<11>          |R<11>          |    9.215|
A<11>          |R<12>          |    9.345|
A<11>          |R<13>          |   10.670|
A<11>          |R<14>          |   11.284|
A<11>          |R<15>          |   13.822|
A<11>          |c_out          |   11.665|
A<11>          |clRes<8>       |    9.913|
A<11>          |clRes<11>      |    9.275|
A<11>          |clRes<12>      |   17.591|
A<11>          |clRes<13>      |   15.763|
A<11>          |clRes<14>      |   14.912|
A<11>          |clRes<15>      |   18.350|
A<11>          |overflow       |   16.793|
A<11>          |ovfl           |   11.174|
A<11>          |zero           |   20.575|
A<11>          |zeroZ          |   15.766|
A<12>          |R<0>           |   12.116|
A<12>          |R<12>          |    8.857|
A<12>          |R<13>          |   10.171|
A<12>          |R<14>          |   10.785|
A<12>          |R<15>          |   13.323|
A<12>          |c_out          |   12.139|
A<12>          |clRes<12>      |   13.524|
A<12>          |clRes<13>      |   10.891|
A<12>          |clRes<14>      |   10.845|
A<12>          |clRes<15>      |   14.283|
A<12>          |overflow       |   12.726|
A<12>          |ovfl           |   10.675|
A<12>          |zero           |   16.508|
A<12>          |zeroZ          |   15.267|
A<13>          |R<0>           |   10.710|
A<13>          |R<13>          |    9.294|
A<13>          |R<14>          |    9.379|
A<13>          |R<15>          |   11.917|
A<13>          |c_out          |   12.314|
A<13>          |clRes<12>      |   14.498|
A<13>          |clRes<13>      |    9.548|
A<13>          |clRes<14>      |   11.819|
A<13>          |clRes<15>      |   15.257|
A<13>          |overflow       |   13.700|
A<13>          |ovfl           |    9.269|
A<13>          |zero           |   17.482|
A<13>          |zeroZ          |   13.861|
A<14>          |R<0>           |    9.352|
A<14>          |R<14>          |    8.078|
A<14>          |R<15>          |   10.559|
A<14>          |c_out          |   11.971|
A<14>          |clRes<12>      |   11.423|
A<14>          |clRes<14>      |    7.785|
A<14>          |clRes<15>      |   12.182|
A<14>          |overflow       |   10.775|
A<14>          |ovfl           |    7.911|
A<14>          |zero           |   14.407|
A<14>          |zeroZ          |   12.503|
A<15>          |R<0>           |    8.231|
A<15>          |R<15>          |    9.438|
A<15>          |c_out          |   12.056|
A<15>          |clRes<12>      |    8.929|
A<15>          |clRes<15>      |    9.688|
A<15>          |overflow       |   10.182|
A<15>          |ovfl           |    6.321|
A<15>          |zero           |   11.913|
A<15>          |zeroZ          |   11.382|
B<0>           |R<0>           |   24.897|
B<0>           |R<1>           |   11.213|
B<0>           |R<2>           |   12.137|
B<0>           |R<3>           |   13.311|
B<0>           |R<4>           |   14.613|
B<0>           |R<5>           |   14.701|
B<0>           |R<6>           |   14.949|
B<0>           |R<7>           |   15.771|
B<0>           |R<8>           |   17.723|
B<0>           |R<9>           |   18.996|
B<0>           |R<10>          |   19.739|
B<0>           |R<11>          |   20.540|
B<0>           |R<12>          |   21.627|
B<0>           |R<13>          |   22.952|
B<0>           |R<14>          |   23.566|
B<0>           |R<15>          |   26.104|
B<0>           |c_out          |   16.790|
B<0>           |clRes<0>       |   12.884|
B<0>           |clRes<1>       |   11.215|
B<0>           |clRes<2>       |   11.717|
B<0>           |clRes<3>       |   13.025|
B<0>           |clRes<4>       |   18.518|
B<0>           |clRes<5>       |   17.186|
B<0>           |clRes<6>       |   16.193|
B<0>           |clRes<7>       |   18.597|
B<0>           |clRes<8>       |   21.340|
B<0>           |clRes<9>       |   17.723|
B<0>           |clRes<10>      |   17.381|
B<0>           |clRes<11>      |   20.702|
B<0>           |clRes<12>      |   21.532|
B<0>           |clRes<13>      |   19.704|
B<0>           |clRes<14>      |   18.853|
B<0>           |clRes<15>      |   22.291|
B<0>           |overflow       |   20.734|
B<0>           |ovfl           |   23.456|
B<0>           |zero           |   24.516|
B<0>           |zeroZ          |   28.048|
B<1>           |R<0>           |   23.321|
B<1>           |R<1>           |   11.431|
B<1>           |R<2>           |   10.561|
B<1>           |R<3>           |   11.735|
B<1>           |R<4>           |   13.037|
B<1>           |R<5>           |   13.125|
B<1>           |R<6>           |   13.373|
B<1>           |R<7>           |   14.195|
B<1>           |R<8>           |   16.147|
B<1>           |R<9>           |   17.420|
B<1>           |R<10>          |   18.163|
B<1>           |R<11>          |   18.964|
B<1>           |R<12>          |   20.051|
B<1>           |R<13>          |   21.376|
B<1>           |R<14>          |   21.990|
B<1>           |R<15>          |   24.528|
B<1>           |c_out          |   15.928|
B<1>           |clRes<0>       |   12.379|
B<1>           |clRes<1>       |   11.480|
B<1>           |clRes<2>       |   11.217|
B<1>           |clRes<3>       |   12.520|
B<1>           |clRes<4>       |   17.656|
B<1>           |clRes<5>       |   16.324|
B<1>           |clRes<6>       |   15.331|
B<1>           |clRes<7>       |   17.735|
B<1>           |clRes<8>       |   20.478|
B<1>           |clRes<9>       |   16.861|
B<1>           |clRes<10>      |   16.519|
B<1>           |clRes<11>      |   19.840|
B<1>           |clRes<12>      |   20.670|
B<1>           |clRes<13>      |   18.842|
B<1>           |clRes<14>      |   17.991|
B<1>           |clRes<15>      |   21.429|
B<1>           |overflow       |   19.872|
B<1>           |ovfl           |   21.880|
B<1>           |zero           |   23.654|
B<1>           |zeroZ          |   26.472|
B<2>           |R<0>           |   22.638|
B<2>           |R<2>           |   10.762|
B<2>           |R<3>           |   11.052|
B<2>           |R<4>           |   12.354|
B<2>           |R<5>           |   12.442|
B<2>           |R<6>           |   12.690|
B<2>           |R<7>           |   13.512|
B<2>           |R<8>           |   15.464|
B<2>           |R<9>           |   16.737|
B<2>           |R<10>          |   17.480|
B<2>           |R<11>          |   18.281|
B<2>           |R<12>          |   19.368|
B<2>           |R<13>          |   20.693|
B<2>           |R<14>          |   21.307|
B<2>           |R<15>          |   23.845|
B<2>           |c_out          |   15.026|
B<2>           |clRes<0>       |   11.120|
B<2>           |clRes<2>       |   10.134|
B<2>           |clRes<3>       |   11.261|
B<2>           |clRes<4>       |   16.754|
B<2>           |clRes<5>       |   15.422|
B<2>           |clRes<6>       |   14.429|
B<2>           |clRes<7>       |   16.833|
B<2>           |clRes<8>       |   19.576|
B<2>           |clRes<9>       |   15.959|
B<2>           |clRes<10>      |   15.617|
B<2>           |clRes<11>      |   18.938|
B<2>           |clRes<12>      |   19.768|
B<2>           |clRes<13>      |   17.940|
B<2>           |clRes<14>      |   17.089|
B<2>           |clRes<15>      |   20.527|
B<2>           |overflow       |   18.970|
B<2>           |ovfl           |   21.197|
B<2>           |zero           |   22.752|
B<2>           |zeroZ          |   25.789|
B<3>           |R<0>           |   21.818|
B<3>           |R<3>           |   11.779|
B<3>           |R<4>           |   11.534|
B<3>           |R<5>           |   11.622|
B<3>           |R<6>           |   11.870|
B<3>           |R<7>           |   12.692|
B<3>           |R<8>           |   14.644|
B<3>           |R<9>           |   15.917|
B<3>           |R<10>          |   16.660|
B<3>           |R<11>          |   17.461|
B<3>           |R<12>          |   18.548|
B<3>           |R<13>          |   19.873|
B<3>           |R<14>          |   20.487|
B<3>           |R<15>          |   23.025|
B<3>           |c_out          |   15.735|
B<3>           |clRes<0>       |    9.957|
B<3>           |clRes<3>       |   10.098|
B<3>           |clRes<4>       |   17.463|
B<3>           |clRes<5>       |   16.131|
B<3>           |clRes<6>       |   15.138|
B<3>           |clRes<7>       |   17.542|
B<3>           |clRes<8>       |   20.285|
B<3>           |clRes<9>       |   16.668|
B<3>           |clRes<10>      |   16.326|
B<3>           |clRes<11>      |   19.647|
B<3>           |clRes<12>      |   20.477|
B<3>           |clRes<13>      |   18.649|
B<3>           |clRes<14>      |   17.798|
B<3>           |clRes<15>      |   21.236|
B<3>           |overflow       |   19.679|
B<3>           |ovfl           |   20.377|
B<3>           |zero           |   23.461|
B<3>           |zeroZ          |   24.969|
B<4>           |R<0>           |   18.965|
B<4>           |R<4>           |    9.370|
B<4>           |R<5>           |    8.769|
B<4>           |R<6>           |    9.017|
B<4>           |R<7>           |    9.839|
B<4>           |R<8>           |   11.791|
B<4>           |R<9>           |   13.064|
B<4>           |R<10>          |   13.807|
B<4>           |R<11>          |   14.608|
B<4>           |R<12>          |   15.695|
B<4>           |R<13>          |   17.020|
B<4>           |R<14>          |   17.634|
B<4>           |R<15>          |   20.172|
B<4>           |c_out          |   16.192|
B<4>           |clRes<4>       |   14.609|
B<4>           |clRes<5>       |   11.082|
B<4>           |clRes<6>       |   12.392|
B<4>           |clRes<7>       |   14.688|
B<4>           |clRes<8>       |   20.432|
B<4>           |clRes<9>       |   16.815|
B<4>           |clRes<10>      |   16.473|
B<4>           |clRes<11>      |   19.794|
B<4>           |clRes<12>      |   23.628|
B<4>           |clRes<13>      |   21.800|
B<4>           |clRes<14>      |   20.949|
B<4>           |clRes<15>      |   24.387|
B<4>           |overflow       |   22.830|
B<4>           |ovfl           |   17.524|
B<4>           |zero           |   26.612|
B<4>           |zeroZ          |   22.116|
B<5>           |R<0>           |   18.626|
B<5>           |R<5>           |    9.911|
B<5>           |R<6>           |    8.678|
B<5>           |R<7>           |    9.500|
B<5>           |R<8>           |   11.452|
B<5>           |R<9>           |   12.725|
B<5>           |R<10>          |   13.468|
B<5>           |R<11>          |   14.269|
B<5>           |R<12>          |   15.356|
B<5>           |R<13>          |   16.681|
B<5>           |R<14>          |   17.295|
B<5>           |R<15>          |   19.833|
B<5>           |c_out          |   16.208|
B<5>           |clRes<4>       |   14.625|
B<5>           |clRes<5>       |   10.910|
B<5>           |clRes<6>       |   12.408|
B<5>           |clRes<7>       |   14.704|
B<5>           |clRes<8>       |   20.448|
B<5>           |clRes<9>       |   16.831|
B<5>           |clRes<10>      |   16.489|
B<5>           |clRes<11>      |   19.810|
B<5>           |clRes<12>      |   23.644|
B<5>           |clRes<13>      |   21.816|
B<5>           |clRes<14>      |   20.965|
B<5>           |clRes<15>      |   24.403|
B<5>           |overflow       |   22.846|
B<5>           |ovfl           |   17.185|
B<5>           |zero           |   26.628|
B<5>           |zeroZ          |   21.777|
B<6>           |R<0>           |   16.997|
B<6>           |R<6>           |    7.725|
B<6>           |R<7>           |    7.871|
B<6>           |R<8>           |    9.823|
B<6>           |R<9>           |   11.096|
B<6>           |R<10>          |   11.839|
B<6>           |R<11>          |   12.640|
B<6>           |R<12>          |   13.727|
B<6>           |R<13>          |   15.052|
B<6>           |R<14>          |   15.666|
B<6>           |R<15>          |   18.204|
B<6>           |c_out          |   15.102|
B<6>           |clRes<4>       |   13.270|
B<6>           |clRes<6>       |    9.385|
B<6>           |clRes<7>       |   13.349|
B<6>           |clRes<8>       |   19.908|
B<6>           |clRes<9>       |   16.291|
B<6>           |clRes<10>      |   15.949|
B<6>           |clRes<11>      |   19.270|
B<6>           |clRes<12>      |   22.336|
B<6>           |clRes<13>      |   20.508|
B<6>           |clRes<14>      |   19.657|
B<6>           |clRes<15>      |   23.095|
B<6>           |overflow       |   21.538|
B<6>           |ovfl           |   15.556|
B<6>           |zero           |   25.320|
B<6>           |zeroZ          |   20.148|
B<7>           |R<0>           |   17.478|
B<7>           |R<7>           |    8.447|
B<7>           |R<8>           |   10.304|
B<7>           |R<9>           |   11.577|
B<7>           |R<10>          |   12.320|
B<7>           |R<11>          |   13.121|
B<7>           |R<12>          |   14.208|
B<7>           |R<13>          |   15.533|
B<7>           |R<14>          |   16.147|
B<7>           |R<15>          |   18.685|
B<7>           |c_out          |   14.935|
B<7>           |clRes<4>       |   11.886|
B<7>           |clRes<7>       |   11.965|
B<7>           |clRes<8>       |   19.741|
B<7>           |clRes<9>       |   16.124|
B<7>           |clRes<10>      |   15.782|
B<7>           |clRes<11>      |   19.103|
B<7>           |clRes<12>      |   22.034|
B<7>           |clRes<13>      |   20.206|
B<7>           |clRes<14>      |   19.355|
B<7>           |clRes<15>      |   22.793|
B<7>           |overflow       |   21.236|
B<7>           |ovfl           |   16.037|
B<7>           |zero           |   25.018|
B<7>           |zeroZ          |   20.629|
B<8>           |R<0>           |   15.870|
B<8>           |R<8>           |    9.902|
B<8>           |R<9>           |    9.969|
B<8>           |R<10>          |   10.712|
B<8>           |R<11>          |   11.513|
B<8>           |R<12>          |   12.600|
B<8>           |R<13>          |   13.925|
B<8>           |R<14>          |   14.539|
B<8>           |R<15>          |   17.077|
B<8>           |c_out          |   15.764|
B<8>           |clRes<8>       |   16.217|
B<8>           |clRes<9>       |   12.600|
B<8>           |clRes<10>      |   12.258|
B<8>           |clRes<11>      |   15.579|
B<8>           |clRes<12>      |   21.649|
B<8>           |clRes<13>      |   19.821|
B<8>           |clRes<14>      |   18.970|
B<8>           |clRes<15>      |   22.408|
B<8>           |overflow       |   20.851|
B<8>           |ovfl           |   14.429|
B<8>           |zero           |   24.633|
B<8>           |zeroZ          |   19.021|
B<9>           |R<0>           |   15.476|
B<9>           |R<9>           |    9.924|
B<9>           |R<10>          |   10.318|
B<9>           |R<11>          |   11.119|
B<9>           |R<12>          |   12.206|
B<9>           |R<13>          |   13.531|
B<9>           |R<14>          |   14.145|
B<9>           |R<15>          |   16.683|
B<9>           |c_out          |   15.650|
B<9>           |clRes<8>       |   15.965|
B<9>           |clRes<9>       |   10.716|
B<9>           |clRes<10>      |   11.680|
B<9>           |clRes<11>      |   15.327|
B<9>           |clRes<12>      |   21.535|
B<9>           |clRes<13>      |   19.707|
B<9>           |clRes<14>      |   18.856|
B<9>           |clRes<15>      |   22.294|
B<9>           |overflow       |   20.737|
B<9>           |ovfl           |   14.035|
B<9>           |zero           |   24.519|
B<9>           |zeroZ          |   18.627|
B<10>          |R<0>           |   13.232|
B<10>          |R<10>          |    9.641|
B<10>          |R<11>          |    8.875|
B<10>          |R<12>          |    9.962|
B<10>          |R<13>          |   11.287|
B<10>          |R<14>          |   11.901|
B<10>          |R<15>          |   14.439|
B<10>          |c_out          |   14.216|
B<10>          |clRes<8>       |   14.482|
B<10>          |clRes<10>      |   11.073|
B<10>          |clRes<11>      |   13.844|
B<10>          |clRes<12>      |   20.101|
B<10>          |clRes<13>      |   18.273|
B<10>          |clRes<14>      |   17.422|
B<10>          |clRes<15>      |   20.860|
B<10>          |overflow       |   19.303|
B<10>          |ovfl           |   11.791|
B<10>          |zero           |   23.085|
B<10>          |zeroZ          |   16.383|
B<11>          |R<0>           |   12.240|
B<11>          |R<11>          |    9.246|
B<11>          |R<12>          |    8.970|
B<11>          |R<13>          |   10.295|
B<11>          |R<14>          |   10.909|
B<11>          |R<15>          |   13.447|
B<11>          |c_out          |   14.171|
B<11>          |clRes<8>       |   13.137|
B<11>          |clRes<11>      |   12.499|
B<11>          |clRes<12>      |   20.097|
B<11>          |clRes<13>      |   18.269|
B<11>          |clRes<14>      |   17.418|
B<11>          |clRes<15>      |   20.856|
B<11>          |overflow       |   19.299|
B<11>          |ovfl           |   10.799|
B<11>          |zero           |   23.081|
B<11>          |zeroZ          |   15.391|
B<12>          |R<0>           |   11.913|
B<12>          |R<12>          |    8.870|
B<12>          |R<13>          |    9.968|
B<12>          |R<14>          |   10.582|
B<12>          |R<15>          |   13.120|
B<12>          |c_out          |   12.742|
B<12>          |clRes<12>      |   14.316|
B<12>          |clRes<13>      |   10.732|
B<12>          |clRes<14>      |   11.637|
B<12>          |clRes<15>      |   15.075|
B<12>          |overflow       |   13.518|
B<12>          |ovfl           |   10.472|
B<12>          |zero           |   17.300|
B<12>          |zeroZ          |   15.064|
B<13>          |R<0>           |    9.937|
B<13>          |R<13>          |    9.306|
B<13>          |R<14>          |    8.606|
B<13>          |R<15>          |   11.144|
B<13>          |c_out          |   12.085|
B<13>          |clRes<12>      |   14.269|
B<13>          |clRes<13>      |   10.438|
B<13>          |clRes<14>      |   11.590|
B<13>          |clRes<15>      |   15.028|
B<13>          |overflow       |   13.471|
B<13>          |ovfl           |    8.496|
B<13>          |zero           |   17.253|
B<13>          |zeroZ          |   13.088|
B<14>          |R<0>           |    9.440|
B<14>          |R<14>          |    8.113|
B<14>          |R<15>          |   10.647|
B<14>          |c_out          |   13.386|
B<14>          |clRes<12>      |   12.261|
B<14>          |clRes<14>      |    8.406|
B<14>          |clRes<15>      |   13.020|
B<14>          |overflow       |   11.314|
B<14>          |ovfl           |    7.999|
B<14>          |zero           |   15.245|
B<14>          |zeroZ          |   12.591|
B<15>          |R<0>           |    8.647|
B<15>          |R<15>          |    9.854|
B<15>          |c_out          |   13.365|
B<15>          |clRes<12>      |    9.064|
B<15>          |clRes<15>      |    9.823|
B<15>          |overflow       |   11.191|
B<15>          |ovfl           |    6.341|
B<15>          |zero           |   12.048|
B<15>          |zeroZ          |   11.798|
op<0>          |R<0>           |    8.145|
op<0>          |R<1>           |   12.166|
op<0>          |R<2>           |   10.579|
op<0>          |R<3>           |   10.515|
op<0>          |R<4>           |    9.839|
op<0>          |R<5>           |   10.315|
op<0>          |R<6>           |    8.215|
op<0>          |R<7>           |    7.657|
op<0>          |R<8>           |    9.604|
op<0>          |R<9>           |   10.181|
op<0>          |R<10>          |    8.456|
op<0>          |R<11>          |    7.971|
op<0>          |R<12>          |    8.261|
op<0>          |R<13>          |    8.803|
op<0>          |R<14>          |    7.120|
op<0>          |R<15>          |    9.259|
op<0>          |clRes<0>       |   11.888|
op<0>          |clRes<1>       |   11.883|
op<0>          |clRes<2>       |   11.565|
op<0>          |clRes<3>       |   11.871|
op<0>          |clRes<4>       |   11.408|
op<0>          |clRes<5>       |   11.830|
op<0>          |clRes<6>       |   11.538|
op<0>          |clRes<7>       |   11.536|
op<0>          |clRes<8>       |   11.821|
op<0>          |clRes<9>       |   10.850|
op<0>          |clRes<10>      |    9.576|
op<0>          |clRes<11>      |   11.183|
op<0>          |clRes<12>      |    9.029|
op<0>          |clRes<13>      |    8.809|
op<0>          |clRes<14>      |    8.752|
op<0>          |clRes<15>      |   10.172|
op<0>          |zero           |   14.120|
op<0>          |zeroZ          |   13.141|
op<1>          |R<0>           |    8.439|
op<1>          |R<1>           |   11.488|
op<1>          |R<2>           |   10.086|
op<1>          |R<3>           |    9.999|
op<1>          |R<4>           |    9.995|
op<1>          |R<5>           |    9.834|
op<1>          |R<6>           |    8.250|
op<1>          |R<7>           |    7.520|
op<1>          |R<8>           |    9.731|
op<1>          |R<9>           |   10.152|
op<1>          |R<10>          |    8.665|
op<1>          |R<11>          |    8.215|
op<1>          |R<12>          |    8.228|
op<1>          |R<13>          |    9.008|
op<1>          |R<14>          |    7.608|
op<1>          |R<15>          |    9.519|
op<1>          |clRes<0>       |   11.920|
op<1>          |clRes<1>       |   11.859|
op<1>          |clRes<2>       |   11.270|
op<1>          |clRes<3>       |   11.577|
op<1>          |clRes<4>       |   11.878|
op<1>          |clRes<5>       |   11.744|
op<1>          |clRes<6>       |   10.994|
op<1>          |clRes<7>       |   11.287|
op<1>          |clRes<8>       |   11.013|
op<1>          |clRes<9>       |   10.692|
op<1>          |clRes<10>      |    9.803|
op<1>          |clRes<11>      |   10.375|
op<1>          |clRes<12>      |    9.196|
op<1>          |clRes<13>      |    8.846|
op<1>          |clRes<14>      |    8.741|
op<1>          |clRes<15>      |   10.048|
op<1>          |zero           |   13.663|
op<1>          |zeroZ          |   12.463|
op<2>          |R<0>           |   24.673|
op<2>          |R<1>           |   12.238|
op<2>          |R<2>           |   12.008|
op<2>          |R<3>           |   13.087|
op<2>          |R<4>           |   14.389|
op<2>          |R<5>           |   14.477|
op<2>          |R<6>           |   14.725|
op<2>          |R<7>           |   15.547|
op<2>          |R<8>           |   17.499|
op<2>          |R<9>           |   18.772|
op<2>          |R<10>          |   19.515|
op<2>          |R<11>          |   20.316|
op<2>          |R<12>          |   21.403|
op<2>          |R<13>          |   22.728|
op<2>          |R<14>          |   23.342|
op<2>          |R<15>          |   25.880|
op<2>          |c_out          |   19.043|
op<2>          |clRes<0>       |   15.137|
op<2>          |clRes<1>       |   12.769|
op<2>          |clRes<2>       |   13.970|
op<2>          |clRes<3>       |   15.278|
op<2>          |clRes<4>       |   20.771|
op<2>          |clRes<5>       |   19.439|
op<2>          |clRes<6>       |   18.446|
op<2>          |clRes<7>       |   20.850|
op<2>          |clRes<8>       |   23.593|
op<2>          |clRes<9>       |   19.976|
op<2>          |clRes<10>      |   19.634|
op<2>          |clRes<11>      |   22.955|
op<2>          |clRes<12>      |   25.060|
op<2>          |clRes<13>      |   23.232|
op<2>          |clRes<14>      |   22.381|
op<2>          |clRes<15>      |   25.819|
op<2>          |overflow       |   24.262|
op<2>          |ovfl           |   23.232|
op<2>          |zero           |   28.044|
op<2>          |zeroZ          |   27.824|
---------------+---------------+---------+


Analysis completed Sat Nov  7 14:19:36 2015 
--------------------------------------------------------------------------------

Trace Settings:
-------------------------
Trace Settings 

Peak Memory Usage: 348 MB



