--------------------------------------------------------------------------------
Release 14.7 Trace  (lin64)
Copyright (c) 1995-2013 Xilinx, Inc.  All rights reserved.

/opt/Xilinx/14.7/ISE_DS/ISE/bin/lin64/unwrapped/trce -intstyle ise -v 3 -s 4 -n
3 -fastpaths -xml testALU.twx testALU.ncd -o testALU.twr testALU.pcf

Design file:              testALU.ncd
Physical constraint file: testALU.pcf
Device,package,speed:     xc3s500e,fg320,-4 (PRODUCTION 1.27 2013-10-13)
Report level:             verbose report

Environment Variable      Effect 
--------------------      ------ 
NONE                      No environment variables were set
--------------------------------------------------------------------------------

INFO:Timing:2698 - No timing constraints found, doing default enumeration.
INFO:Timing:3412 - To improve timing, see the Timing Closure User Guide (UG612).
INFO:Timing:2752 - To get complete path coverage, use the unconstrained paths 
   option. All paths that are not constrained will be reported in the 
   unconstrained paths section(s) of the report.
INFO:Timing:3339 - The clock-to-out numbers in this timing report are based on 
   a 50 Ohm transmission line loading model.  For the details of this model, 
   and for more information on accounting for different loading conditions, 
   please see the device datasheet.
INFO:Timing:3390 - This architecture does not support a default System Jitter 
   value, please add SYSTEM_JITTER constraint to the UCF to modify the Clock 
   Uncertainty calculation.
INFO:Timing:3389 - This architecture does not support 'Discrete Jitter' and 
   'Phase Error' calculations, these terms will be zero in the Clock 
   Uncertainty calculation.  Please make appropriate modification to 
   SYSTEM_JITTER to account for the unsupported Discrete Jitter and Phase 
   Error.



Data Sheet report:
-----------------
All values displayed in nanoseconds (ns)

Pad to Pad
---------------+---------------+---------+
Source Pad     |Destination Pad|  Delay  |
---------------+---------------+---------+
A<0>           |R<0>           |   27.147|
A<0>           |R<1>           |    9.949|
A<0>           |R<2>           |   10.534|
A<0>           |R<3>           |   11.868|
A<0>           |R<4>           |   13.586|
A<0>           |R<5>           |   14.528|
A<0>           |R<6>           |   15.228|
A<0>           |R<7>           |   15.660|
A<0>           |R<8>           |   17.833|
A<0>           |R<9>           |   17.710|
A<0>           |R<10>          |   19.819|
A<0>           |R<11>          |   19.637|
A<0>           |R<12>          |   20.593|
A<0>           |R<13>          |   22.710|
A<0>           |R<14>          |   22.910|
A<0>           |R<15>          |   24.252|
A<0>           |ovfl           |   23.560|
A<0>           |zeroZ          |   29.248|
A<1>           |R<0>           |   26.145|
A<1>           |R<1>           |    8.940|
A<1>           |R<2>           |    9.532|
A<1>           |R<3>           |   10.866|
A<1>           |R<4>           |   12.584|
A<1>           |R<5>           |   13.526|
A<1>           |R<6>           |   14.226|
A<1>           |R<7>           |   14.658|
A<1>           |R<8>           |   16.831|
A<1>           |R<9>           |   16.708|
A<1>           |R<10>          |   18.817|
A<1>           |R<11>          |   18.635|
A<1>           |R<12>          |   19.591|
A<1>           |R<13>          |   21.708|
A<1>           |R<14>          |   21.908|
A<1>           |R<15>          |   23.250|
A<1>           |ovfl           |   22.558|
A<1>           |zeroZ          |   28.246|
A<2>           |R<0>           |   24.676|
A<2>           |R<2>           |    8.287|
A<2>           |R<3>           |    9.397|
A<2>           |R<4>           |   11.115|
A<2>           |R<5>           |   12.057|
A<2>           |R<6>           |   12.757|
A<2>           |R<7>           |   13.189|
A<2>           |R<8>           |   15.362|
A<2>           |R<9>           |   15.239|
A<2>           |R<10>          |   17.348|
A<2>           |R<11>          |   17.166|
A<2>           |R<12>          |   18.122|
A<2>           |R<13>          |   20.239|
A<2>           |R<14>          |   20.439|
A<2>           |R<15>          |   21.781|
A<2>           |ovfl           |   21.089|
A<2>           |zeroZ          |   26.777|
A<3>           |R<0>           |   23.539|
A<3>           |R<3>           |    9.002|
A<3>           |R<4>           |    9.978|
A<3>           |R<5>           |   10.920|
A<3>           |R<6>           |   11.620|
A<3>           |R<7>           |   12.052|
A<3>           |R<8>           |   14.225|
A<3>           |R<9>           |   14.102|
A<3>           |R<10>          |   16.211|
A<3>           |R<11>          |   16.029|
A<3>           |R<12>          |   16.985|
A<3>           |R<13>          |   19.102|
A<3>           |R<14>          |   19.302|
A<3>           |R<15>          |   20.644|
A<3>           |ovfl           |   19.952|
A<3>           |zeroZ          |   25.640|
A<4>           |R<0>           |   21.848|
A<4>           |R<4>           |    8.349|
A<4>           |R<5>           |    9.229|
A<4>           |R<6>           |    9.929|
A<4>           |R<7>           |   10.361|
A<4>           |R<8>           |   12.534|
A<4>           |R<9>           |   12.411|
A<4>           |R<10>          |   14.520|
A<4>           |R<11>          |   14.338|
A<4>           |R<12>          |   15.294|
A<4>           |R<13>          |   17.411|
A<4>           |R<14>          |   17.611|
A<4>           |R<15>          |   18.953|
A<4>           |ovfl           |   18.261|
A<4>           |zeroZ          |   23.949|
A<5>           |R<0>           |   20.737|
A<5>           |R<5>           |    8.001|
A<5>           |R<6>           |    8.818|
A<5>           |R<7>           |    9.250|
A<5>           |R<8>           |   11.423|
A<5>           |R<9>           |   11.300|
A<5>           |R<10>          |   13.409|
A<5>           |R<11>          |   13.227|
A<5>           |R<12>          |   14.183|
A<5>           |R<13>          |   16.300|
A<5>           |R<14>          |   16.500|
A<5>           |R<15>          |   17.842|
A<5>           |ovfl           |   17.150|
A<5>           |zeroZ          |   22.838|
A<6>           |R<0>           |   20.147|
A<6>           |R<6>           |    8.173|
A<6>           |R<7>           |    8.660|
A<6>           |R<8>           |   10.833|
A<6>           |R<9>           |   10.710|
A<6>           |R<10>          |   12.819|
A<6>           |R<11>          |   12.637|
A<6>           |R<12>          |   13.593|
A<6>           |R<13>          |   15.710|
A<6>           |R<14>          |   15.910|
A<6>           |R<15>          |   17.252|
A<6>           |ovfl           |   16.560|
A<6>           |zeroZ          |   22.248|
A<7>           |R<0>           |   19.736|
A<7>           |R<7>           |    8.487|
A<7>           |R<8>           |   10.422|
A<7>           |R<9>           |   10.299|
A<7>           |R<10>          |   12.408|
A<7>           |R<11>          |   12.226|
A<7>           |R<12>          |   13.182|
A<7>           |R<13>          |   15.299|
A<7>           |R<14>          |   15.499|
A<7>           |R<15>          |   16.841|
A<7>           |ovfl           |   16.149|
A<7>           |zeroZ          |   21.837|
A<8>           |R<0>           |   17.460|
A<8>           |R<8>           |    9.028|
A<8>           |R<9>           |    8.023|
A<8>           |R<10>          |   10.132|
A<8>           |R<11>          |    9.950|
A<8>           |R<12>          |   10.906|
A<8>           |R<13>          |   13.023|
A<8>           |R<14>          |   13.223|
A<8>           |R<15>          |   14.565|
A<8>           |ovfl           |   13.873|
A<8>           |zeroZ          |   19.561|
A<9>           |R<0>           |   17.683|
A<9>           |R<9>           |    7.593|
A<9>           |R<10>          |   10.355|
A<9>           |R<11>          |   10.173|
A<9>           |R<12>          |   11.129|
A<9>           |R<13>          |   13.246|
A<9>           |R<14>          |   13.446|
A<9>           |R<15>          |   14.788|
A<9>           |ovfl           |   14.096|
A<9>           |zeroZ          |   19.784|
A<10>          |R<0>           |   15.703|
A<10>          |R<10>          |    7.966|
A<10>          |R<11>          |    8.193|
A<10>          |R<12>          |    9.149|
A<10>          |R<13>          |   11.266|
A<10>          |R<14>          |   11.466|
A<10>          |R<15>          |   12.808|
A<10>          |ovfl           |   12.116|
A<10>          |zeroZ          |   17.804|
A<11>          |R<0>           |   15.510|
A<11>          |R<11>          |    7.950|
A<11>          |R<12>          |    8.956|
A<11>          |R<13>          |   11.073|
A<11>          |R<14>          |   11.273|
A<11>          |R<15>          |   12.615|
A<11>          |ovfl           |   11.923|
A<11>          |zeroZ          |   17.611|
A<12>          |R<0>           |   13.792|
A<12>          |R<12>          |    7.298|
A<12>          |R<13>          |    9.355|
A<12>          |R<14>          |    9.555|
A<12>          |R<15>          |   10.897|
A<12>          |ovfl           |   10.205|
A<12>          |zeroZ          |   15.893|
A<13>          |R<0>           |   12.761|
A<13>          |R<13>          |    8.394|
A<13>          |R<14>          |    8.524|
A<13>          |R<15>          |    9.866|
A<13>          |ovfl           |    9.174|
A<13>          |zeroZ          |   14.862|
A<14>          |R<0>           |   11.566|
A<14>          |R<14>          |    7.438|
A<14>          |R<15>          |    8.671|
A<14>          |ovfl           |    7.979|
A<14>          |zeroZ          |   13.667|
A<15>          |R<0>           |   10.816|
A<15>          |R<15>          |    7.921|
A<15>          |ovfl           |    7.563|
A<15>          |zeroZ          |   12.917|
B<0>           |R<0>           |   27.147|
B<0>           |R<1>           |    9.949|
B<0>           |R<2>           |   10.534|
B<0>           |R<3>           |   11.868|
B<0>           |R<4>           |   13.586|
B<0>           |R<5>           |   14.528|
B<0>           |R<6>           |   15.228|
B<0>           |R<7>           |   15.660|
B<0>           |R<8>           |   17.833|
B<0>           |R<9>           |   17.710|
B<0>           |R<10>          |   19.819|
B<0>           |R<11>          |   19.637|
B<0>           |R<12>          |   20.593|
B<0>           |R<13>          |   22.710|
B<0>           |R<14>          |   22.910|
B<0>           |R<15>          |   24.252|
B<0>           |ovfl           |   23.560|
B<0>           |zeroZ          |   29.248|
B<1>           |R<0>           |   25.561|
B<1>           |R<1>           |   10.420|
B<1>           |R<2>           |    8.948|
B<1>           |R<3>           |   10.282|
B<1>           |R<4>           |   12.000|
B<1>           |R<5>           |   12.942|
B<1>           |R<6>           |   13.642|
B<1>           |R<7>           |   14.074|
B<1>           |R<8>           |   16.247|
B<1>           |R<9>           |   16.124|
B<1>           |R<10>          |   18.233|
B<1>           |R<11>          |   18.051|
B<1>           |R<12>          |   19.007|
B<1>           |R<13>          |   21.124|
B<1>           |R<14>          |   21.324|
B<1>           |R<15>          |   22.666|
B<1>           |ovfl           |   21.974|
B<1>           |zeroZ          |   27.662|
B<2>           |R<0>           |   24.715|
B<2>           |R<2>           |   10.474|
B<2>           |R<3>           |    9.436|
B<2>           |R<4>           |   11.154|
B<2>           |R<5>           |   12.096|
B<2>           |R<6>           |   12.796|
B<2>           |R<7>           |   13.228|
B<2>           |R<8>           |   15.401|
B<2>           |R<9>           |   15.278|
B<2>           |R<10>          |   17.387|
B<2>           |R<11>          |   17.205|
B<2>           |R<12>          |   18.161|
B<2>           |R<13>          |   20.278|
B<2>           |R<14>          |   20.478|
B<2>           |R<15>          |   21.820|
B<2>           |ovfl           |   21.128|
B<2>           |zeroZ          |   26.816|
B<3>           |R<0>           |   23.930|
B<3>           |R<3>           |    9.749|
B<3>           |R<4>           |   10.369|
B<3>           |R<5>           |   11.311|
B<3>           |R<6>           |   12.011|
B<3>           |R<7>           |   12.443|
B<3>           |R<8>           |   14.616|
B<3>           |R<9>           |   14.493|
B<3>           |R<10>          |   16.602|
B<3>           |R<11>          |   16.420|
B<3>           |R<12>          |   17.376|
B<3>           |R<13>          |   19.493|
B<3>           |R<14>          |   19.693|
B<3>           |R<15>          |   21.035|
B<3>           |ovfl           |   20.343|
B<3>           |zeroZ          |   26.031|
B<4>           |R<0>           |   21.736|
B<4>           |R<4>           |    8.965|
B<4>           |R<5>           |    9.117|
B<4>           |R<6>           |    9.817|
B<4>           |R<7>           |   10.249|
B<4>           |R<8>           |   12.422|
B<4>           |R<9>           |   12.299|
B<4>           |R<10>          |   14.408|
B<4>           |R<11>          |   14.226|
B<4>           |R<12>          |   15.182|
B<4>           |R<13>          |   17.299|
B<4>           |R<14>          |   17.499|
B<4>           |R<15>          |   18.841|
B<4>           |ovfl           |   18.149|
B<4>           |zeroZ          |   23.837|
B<5>           |R<0>           |   21.342|
B<5>           |R<5>           |    9.378|
B<5>           |R<6>           |    9.423|
B<5>           |R<7>           |    9.855|
B<5>           |R<8>           |   12.028|
B<5>           |R<9>           |   11.905|
B<5>           |R<10>          |   14.014|
B<5>           |R<11>          |   13.832|
B<5>           |R<12>          |   14.788|
B<5>           |R<13>          |   16.905|
B<5>           |R<14>          |   17.105|
B<5>           |R<15>          |   18.447|
B<5>           |ovfl           |   17.755|
B<5>           |zeroZ          |   23.443|
B<6>           |R<0>           |   20.444|
B<6>           |R<6>           |    9.700|
B<6>           |R<7>           |    8.957|
B<6>           |R<8>           |   11.130|
B<6>           |R<9>           |   11.007|
B<6>           |R<10>          |   13.116|
B<6>           |R<11>          |   12.934|
B<6>           |R<12>          |   13.890|
B<6>           |R<13>          |   16.007|
B<6>           |R<14>          |   16.207|
B<6>           |R<15>          |   17.549|
B<6>           |ovfl           |   16.857|
B<6>           |zeroZ          |   22.545|
B<7>           |R<0>           |   19.511|
B<7>           |R<7>           |    9.402|
B<7>           |R<8>           |   10.197|
B<7>           |R<9>           |   10.074|
B<7>           |R<10>          |   12.183|
B<7>           |R<11>          |   12.001|
B<7>           |R<12>          |   12.957|
B<7>           |R<13>          |   15.074|
B<7>           |R<14>          |   15.274|
B<7>           |R<15>          |   16.616|
B<7>           |ovfl           |   15.924|
B<7>           |zeroZ          |   21.612|
B<8>           |R<0>           |   18.868|
B<8>           |R<8>           |    9.736|
B<8>           |R<9>           |    9.431|
B<8>           |R<10>          |   11.540|
B<8>           |R<11>          |   11.358|
B<8>           |R<12>          |   12.314|
B<8>           |R<13>          |   14.431|
B<8>           |R<14>          |   14.631|
B<8>           |R<15>          |   15.973|
B<8>           |ovfl           |   15.281|
B<8>           |zeroZ          |   20.969|
B<9>           |R<0>           |   18.267|
B<9>           |R<9>           |    8.704|
B<9>           |R<10>          |   10.939|
B<9>           |R<11>          |   10.757|
B<9>           |R<12>          |   11.713|
B<9>           |R<13>          |   13.830|
B<9>           |R<14>          |   14.030|
B<9>           |R<15>          |   15.372|
B<9>           |ovfl           |   14.680|
B<9>           |zeroZ          |   20.368|
B<10>          |R<0>           |   16.427|
B<10>          |R<10>          |    9.760|
B<10>          |R<11>          |    8.917|
B<10>          |R<12>          |    9.873|
B<10>          |R<13>          |   11.990|
B<10>          |R<14>          |   12.190|
B<10>          |R<15>          |   13.532|
B<10>          |ovfl           |   12.840|
B<10>          |zeroZ          |   18.528|
B<11>          |R<0>           |   16.654|
B<11>          |R<11>          |    9.239|
B<11>          |R<12>          |   10.100|
B<11>          |R<13>          |   12.217|
B<11>          |R<14>          |   12.417|
B<11>          |R<15>          |   13.759|
B<11>          |ovfl           |   13.067|
B<11>          |zeroZ          |   18.755|
B<12>          |R<0>           |   14.302|
B<12>          |R<12>          |    9.128|
B<12>          |R<13>          |    9.865|
B<12>          |R<14>          |   10.065|
B<12>          |R<15>          |   11.407|
B<12>          |ovfl           |   10.715|
B<12>          |zeroZ          |   16.403|
B<13>          |R<0>           |   13.605|
B<13>          |R<13>          |   10.503|
B<13>          |R<14>          |    9.368|
B<13>          |R<15>          |   10.710|
B<13>          |ovfl           |   10.018|
B<13>          |zeroZ          |   15.706|
B<14>          |R<0>           |   12.300|
B<14>          |R<14>          |    9.438|
B<14>          |R<15>          |    9.405|
B<14>          |ovfl           |    8.713|
B<14>          |zeroZ          |   14.401|
B<15>          |R<0>           |   11.568|
B<15>          |R<15>          |    8.673|
B<15>          |ovfl           |    7.886|
B<15>          |zeroZ          |   13.669|
op<0>          |R<0>           |    9.278|
op<0>          |R<1>           |    9.767|
op<0>          |R<2>           |    9.715|
op<0>          |R<3>           |    9.104|
op<0>          |R<4>           |    9.876|
op<0>          |R<5>           |    9.699|
op<0>          |R<6>           |    9.782|
op<0>          |R<7>           |    9.134|
op<0>          |R<8>           |   10.524|
op<0>          |R<9>           |    8.898|
op<0>          |R<10>          |   10.598|
op<0>          |R<11>          |    9.834|
op<0>          |R<12>          |    9.951|
op<0>          |R<13>          |    9.976|
op<0>          |R<14>          |    9.870|
op<0>          |R<15>          |    8.162|
op<0>          |zeroZ          |   13.080|
op<1>          |R<0>           |    8.318|
op<1>          |R<1>           |    8.614|
op<1>          |R<2>           |    8.261|
op<1>          |R<3>           |    7.703|
op<1>          |R<4>           |    8.292|
op<1>          |R<5>           |    8.315|
op<1>          |R<6>           |    7.756|
op<1>          |R<7>           |    7.446|
op<1>          |R<8>           |    8.784|
op<1>          |R<9>           |    6.672|
op<1>          |R<10>          |    8.741|
op<1>          |R<11>          |    7.494|
op<1>          |R<12>          |    7.803|
op<1>          |R<13>          |    8.296|
op<1>          |R<14>          |    8.013|
op<1>          |R<15>          |    6.597|
op<1>          |zeroZ          |   10.958|
op<2>          |R<0>           |   28.352|
op<2>          |R<1>           |   11.154|
op<2>          |R<2>           |   11.739|
op<2>          |R<3>           |   13.073|
op<2>          |R<4>           |   14.791|
op<2>          |R<5>           |   15.733|
op<2>          |R<6>           |   16.433|
op<2>          |R<7>           |   16.865|
op<2>          |R<8>           |   19.038|
op<2>          |R<9>           |   18.915|
op<2>          |R<10>          |   21.024|
op<2>          |R<11>          |   20.842|
op<2>          |R<12>          |   21.798|
op<2>          |R<13>          |   23.915|
op<2>          |R<14>          |   24.115|
op<2>          |R<15>          |   25.457|
op<2>          |ovfl           |   24.765|
op<2>          |zeroZ          |   30.453|
---------------+---------------+---------+


Analysis completed Mon Nov  9 15:08:47 2015 
--------------------------------------------------------------------------------

Trace Settings:
-------------------------
Trace Settings 

Peak Memory Usage: 347 MB



