Release 14.7 - xst P.20131013 (lin64)
Copyright (c) 1995-2013 Xilinx, Inc.  All rights reserved.
--> 
Parameter TMPDIR set to xst/projnav.tmp


Total REAL time to Xst completion: 0.00 secs
Total CPU time to Xst completion: 0.04 secs
 
--> 
Parameter xsthdpdir set to xst


Total REAL time to Xst completion: 0.00 secs
Total CPU time to Xst completion: 0.05 secs
 
--> 
Reading design: Old_and_New_Interrupt.prj

TABLE OF CONTENTS
  1) Synthesis Options Summary
  2) HDL Compilation
  3) Design Hierarchy Analysis
  4) HDL Analysis
  5) HDL Synthesis
     5.1) HDL Synthesis Report
  6) Advanced HDL Synthesis
     6.1) Advanced HDL Synthesis Report
  7) Low Level Synthesis
  8) Partition Report
  9) Final Report
	9.1) Device utilization summary
	9.2) Partition Resource Summary
	9.3) TIMING REPORT


=========================================================================
*                      Synthesis Options Summary                        *
=========================================================================
---- Source Parameters
Input File Name                    : "Old_and_New_Interrupt.prj"
Input Format                       : mixed
Ignore Synthesis Constraint File   : NO

---- Target Parameters
Output File Name                   : "Old_and_New_Interrupt"
Output Format                      : NGC
Target Device                      : xc3s500e-4-fg320

---- Source Options
Top Module Name                    : Old_and_New_Interrupt
Automatic FSM Extraction           : YES
FSM Encoding Algorithm             : Auto
Safe Implementation                : No
FSM Style                          : LUT
RAM Extraction                     : Yes
RAM Style                          : Auto
ROM Extraction                     : Yes
Mux Style                          : Auto
Decoder Extraction                 : YES
Priority Encoder Extraction        : Yes
Shift Register Extraction          : YES
Logical Shifter Extraction         : YES
XOR Collapsing                     : YES
ROM Style                          : Auto
Mux Extraction                     : Yes
Resource Sharing                   : YES
Asynchronous To Synchronous        : NO
Multiplier Style                   : Auto
Automatic Register Balancing       : No

---- Target Options
Add IO Buffers                     : YES
Global Maximum Fanout              : 100000
Add Generic Clock Buffer(BUFG)     : 24
Register Duplication               : YES
Slice Packing                      : YES
Optimize Instantiated Primitives   : NO
Use Clock Enable                   : Yes
Use Synchronous Set                : Yes
Use Synchronous Reset              : Yes
Pack IO Registers into IOBs        : Auto
Equivalent register Removal        : YES

---- General Options
Optimization Goal                  : Speed
Optimization Effort                : 1
Keep Hierarchy                     : No
Netlist Hierarchy                  : As_Optimized
RTL Output                         : Yes
Global Optimization                : AllClockNets
Read Cores                         : YES
Write Timing Constraints           : NO
Cross Clock Analysis               : NO
Hierarchy Separator                : /
Bus Delimiter                      : <>
Case Specifier                     : Maintain
Slice Utilization Ratio            : 100
BRAM Utilization Ratio             : 100
Verilog 2001                       : YES
Auto BRAM Packing                  : NO
Slice Utilization Ratio Delta      : 5

=========================================================================


=========================================================================
*                          HDL Compilation                              *
=========================================================================
Compiling verilog file "Or16b2.vf" in library work
Compiling verilog file "Interrupt_Register.vf" in library work
Module <Or16b2> compiled
Module <Decoder3b8_MUSER_Interrupt_Register> compiled
Compiling verilog file "Old_and_New_Interrupt.vf" in library work
Module <Interrupt_Register> compiled
Module <Or16b2_MUSER_Old_and_New_Interrupt> compiled
Module <Old_and_New_Interrupt> compiled
No errors in compilation
Analysis of file <"Old_and_New_Interrupt.prj"> succeeded.
 

=========================================================================
*                     Design Hierarchy Analysis                         *
=========================================================================
Analyzing hierarchy for module <Old_and_New_Interrupt> in library <work>.

Analyzing hierarchy for module <Interrupt_Register> in library <work>.

Analyzing hierarchy for module <Or16b2_MUSER_Old_and_New_Interrupt> in library <work>.

Analyzing hierarchy for module <Decoder3b8_MUSER_Interrupt_Register> in library <work>.


=========================================================================
*                            HDL Analysis                               *
=========================================================================
Analyzing top module <Old_and_New_Interrupt>.
Module <Old_and_New_Interrupt> is correct for synthesis.
 
Analyzing module <Interrupt_Register> in library <work>.
Module <Interrupt_Register> is correct for synthesis.
 
    Set user-defined property "INIT =  0" for instance <XLXI_8> in unit <Interrupt_Register>.
    Set user-defined property "INIT =  0" for instance <XLXI_16> in unit <Interrupt_Register>.
    Set user-defined property "INIT =  0" for instance <XLXI_17> in unit <Interrupt_Register>.
    Set user-defined property "INIT =  0" for instance <XLXI_18> in unit <Interrupt_Register>.
    Set user-defined property "INIT =  0" for instance <XLXI_20> in unit <Interrupt_Register>.
    Set user-defined property "INIT =  0" for instance <XLXI_21> in unit <Interrupt_Register>.
    Set user-defined property "INIT =  0" for instance <XLXI_22> in unit <Interrupt_Register>.
    Set user-defined property "INIT =  0" for instance <XLXI_23> in unit <Interrupt_Register>.
Analyzing module <Decoder3b8_MUSER_Interrupt_Register> in library <work>.
Module <Decoder3b8_MUSER_Interrupt_Register> is correct for synthesis.
 
Analyzing module <Or16b2_MUSER_Old_and_New_Interrupt> in library <work>.
Module <Or16b2_MUSER_Old_and_New_Interrupt> is correct for synthesis.
 

=========================================================================
*                           HDL Synthesis                               *
=========================================================================

Performing bidirectional port resolution...

Synthesizing Unit <Or16b2_MUSER_Old_and_New_Interrupt>.
    Related source file is "Old_and_New_Interrupt.vf".
Unit <Or16b2_MUSER_Old_and_New_Interrupt> synthesized.


Synthesizing Unit <Decoder3b8_MUSER_Interrupt_Register>.
    Related source file is "Interrupt_Register.vf".
Unit <Decoder3b8_MUSER_Interrupt_Register> synthesized.


Synthesizing Unit <Interrupt_Register>.
    Related source file is "Interrupt_Register.vf".
WARNING:Xst:653 - Signal <CLK> is used but never assigned. This sourceless signal will be automatically connected to value 0.
Unit <Interrupt_Register> synthesized.


Synthesizing Unit <Old_and_New_Interrupt>.
    Related source file is "Old_and_New_Interrupt.vf".
Unit <Old_and_New_Interrupt> synthesized.


=========================================================================
HDL Synthesis Report

Found no macro
=========================================================================

=========================================================================
*                       Advanced HDL Synthesis                          *
=========================================================================


=========================================================================
Advanced HDL Synthesis Report

Macro Statistics
# Registers                                            : 8
 Flip-Flops                                            : 8

=========================================================================

=========================================================================
*                         Low Level Synthesis                           *
=========================================================================

Optimizing unit <Old_and_New_Interrupt> ...

Optimizing unit <Or16b2_MUSER_Old_and_New_Interrupt> ...

Optimizing unit <Decoder3b8_MUSER_Interrupt_Register> ...

Optimizing unit <Interrupt_Register> ...

Mapping all equations...
Building and optimizing final netlist ...
Found area constraint ratio of 100 (+ 5) on block Old_and_New_Interrupt, actual ratio is 0.

Final Macro Processing ...

=========================================================================
Final Register Report

Macro Statistics
# Registers                                            : 8
 Flip-Flops                                            : 8

=========================================================================

=========================================================================
*                           Partition Report                            *
=========================================================================

Partition Implementation Status
-------------------------------

  No Partitions were found in this design.

-------------------------------

=========================================================================
*                            Final Report                               *
=========================================================================
Final Results
RTL Top Level Output File Name     : Old_and_New_Interrupt.ngr
Top Level Output File Name         : Old_and_New_Interrupt
Output Format                      : NGC
Optimization Goal                  : Speed
Keep Hierarchy                     : No

Design Statistics
# IOs                              : 20

Cell Usage :
# BELS                             : 21
#      AND4                        : 8
#      GND                         : 1
#      INV                         : 4
#      OR2                         : 8
# FlipFlops/Latches                : 8
#      FDRSE                       : 8
# IO Buffers                       : 20
#      IBUF                        : 12
#      OBUF                        : 8
=========================================================================

Device utilization summary:
---------------------------

Selected Device : 3s500efg320-4 

 Number of Slices:                        4  out of   4656     0%  
 Number of Slice Flip Flops:              8  out of   9312     0%  
 Number of 4 input LUTs:                  4  out of   9312     0%  
 Number of IOs:                          20
 Number of bonded IOBs:                  20  out of    232     8%  

---------------------------
Partition Resource Summary:
---------------------------

  No Partitions were found in this design.

---------------------------


=========================================================================
TIMING REPORT

NOTE: THESE TIMING NUMBERS ARE ONLY A SYNTHESIS ESTIMATE.
      FOR ACCURATE TIMING INFORMATION PLEASE REFER TO THE TRACE REPORT
      GENERATED AFTER PLACE-and-ROUTE.

Clock Information:
------------------
-----------------------------------+------------------------+-------+
Clock Signal                       | Clock buffer(FF name)  | Load  |
-----------------------------------+------------------------+-------+
N0                                 | NONE(XLXI_1/XLXI_23)   | 8     |
-----------------------------------+------------------------+-------+
INFO:Xst:2169 - HDL ADVISOR - Some clock signals were not automatically buffered by XST with BUFG/BUFR resources. Please use the buffer_type constraint in order to insert these buffers to the clock signals to help prevent skew problems.

Asynchronous Control Signals Information:
----------------------------------------
No asynchronous control signals found in this design

Timing Summary:
---------------
Speed Grade: -4

   Minimum period: 3.073ns (Maximum Frequency: 325.415MHz)
   Minimum input arrival time before clock: 5.177ns
   Maximum output required time after clock: 4.310ns
   Maximum combinational path delay: No path found

Timing Detail:
--------------
All values displayed in nanoseconds (ns)

=========================================================================
Timing constraint: Default period analysis for Clock 'N0'
  Clock period: 3.073ns (frequency: 325.415MHz)
  Total number of paths / destination ports: 8 / 8
-------------------------------------------------------------------------
Delay:               3.073ns (Levels of Logic = 1)
  Source:            XLXI_1/XLXI_23 (FF)
  Destination:       XLXI_1/XLXI_23 (FF)
  Source Clock:      N0 rising
  Destination Clock: N0 rising

  Data Path: XLXI_1/XLXI_23 to XLXI_1/XLXI_23
                                Gate     Net
    Cell:in->out      fanout   Delay   Delay  Logical Name (Net Name)
    ----------------------------------------  ------------
     FDRSE:C->Q            2   0.591   0.447  XLXI_1/XLXI_23 (Output_7_OBUF)
     OR2:I1->O             1   0.704   0.420  XLXI_3/XLXI_8 (Ans<7>)
     FDRSE:S                   0.911          XLXI_1/XLXI_23
    ----------------------------------------
    Total                      3.073ns (2.206ns logic, 0.867ns route)
                                       (71.8% logic, 28.2% route)

=========================================================================
Timing constraint: Default OFFSET IN BEFORE for Clock 'N0'
  Total number of paths / destination ports: 40 / 16
-------------------------------------------------------------------------
Offset:              5.177ns (Levels of Logic = 3)
  Source:            CLR_Input<0> (PAD)
  Destination:       XLXI_1/XLXI_22 (FF)
  Destination Clock: N0 rising

  Data Path: CLR_Input<0> to XLXI_1/XLXI_22
                                Gate     Net
    Cell:in->out      fanout   Delay   Delay  Logical Name (Net Name)
    ----------------------------------------  ------------
     IBUF:I->O             5   1.218   0.633  CLR_Input_0_IBUF (CLR_Input_0_IBUF)
     INV:I->O              4   0.704   0.587  XLXI_1/XLXI_25/XLXI_17 (XLXI_1/XLXI_25/N0)
     AND4:I3->O            1   0.704   0.420  XLXI_1/XLXI_25/XLXI_2 (XLXI_1/CLR6)
     FDRSE:R                   0.911          XLXI_1/XLXI_22
    ----------------------------------------
    Total                      5.177ns (3.537ns logic, 1.640ns route)
                                       (68.3% logic, 31.7% route)

=========================================================================
Timing constraint: Default OFFSET OUT AFTER for Clock 'N0'
  Total number of paths / destination ports: 8 / 8
-------------------------------------------------------------------------
Offset:              4.310ns (Levels of Logic = 1)
  Source:            XLXI_1/XLXI_23 (FF)
  Destination:       Output<7> (PAD)
  Source Clock:      N0 rising

  Data Path: XLXI_1/XLXI_23 to Output<7>
                                Gate     Net
    Cell:in->out      fanout   Delay   Delay  Logical Name (Net Name)
    ----------------------------------------  ------------
     FDRSE:C->Q            2   0.591   0.447  XLXI_1/XLXI_23 (Output_7_OBUF)
     OBUF:I->O                 3.272          Output_7_OBUF (Output<7>)
    ----------------------------------------
    Total                      4.310ns (3.863ns logic, 0.447ns route)
                                       (89.6% logic, 10.4% route)

=========================================================================


Total REAL time to Xst completion: 3.00 secs
Total CPU time to Xst completion: 3.19 secs
 
--> 


Total memory usage is 516200 kilobytes

Number of errors   :    0 (   0 filtered)
Number of warnings :    1 (   0 filtered)
Number of infos    :    1 (   0 filtered)

