MO alu1b NULL alu1b.vf vlg51/alu1b.bin 1446923904
MO claAdde16b NULL claAdde16b.vf vlg33/cla_adde16b.bin 1446923904
MO M2_1_MXILINX_claAdder4b NULL claAdder4b.vf vlg38/_m2__1___m_x_i_l_i_n_x__cla_adder4b.bin 1446923904
MO add1b_MUSER_alu1b NULL alu1b.vf vlg23/add1b___m_u_s_e_r__alu1b.bin 1446923904
MO M4_1E_MXILINX_claAdder4b NULL claAdder4b.vf vlg67/_m4__1_e___m_x_i_l_i_n_x__cla_adder4b.bin 1446923904
MO claAdder4b_MUSER_testALU NULL testALU.vf vlg22/cla_adder4b___m_u_s_e_r__test_a_l_u.bin 1446923904
MO M2_1_MXILINX_alu16b NULL alu16b.vf vlg31/_m2__1___m_x_i_l_i_n_x__alu16b.bin 1446923904
MO alu1b_MUSER_claAdde16b NULL claAdde16b.vf vlg42/alu1b___m_u_s_e_r__cla_adde16b.bin 1446923904
MO M2_1E_MXILINX_claAdder4b NULL claAdder4b.vf vlg55/_m2__1_e___m_x_i_l_i_n_x__cla_adder4b.bin 1446923904
MO claAdder4b_MUSER_claAdde16b NULL claAdde16b.vf vlg77/cla_adder4b___m_u_s_e_r__cla_adde16b.bin 1446923904
MO add1b_MUSER_claAdde16b NULL claAdde16b.vf vlg2D/add1b___m_u_s_e_r__cla_adde16b.bin 1446923904
MO alu1b_MUSER_testALU NULL testALU.vf vlg09/alu1b___m_u_s_e_r__test_a_l_u.bin 1446923904
MO M2_1E_MXILINX_testALU NULL testALU.vf vlg1D/_m2__1_e___m_x_i_l_i_n_x__test_a_l_u.bin 1446923904
MO alu1b_MUSER_alu16b NULL alu16b.vf vlg1A/alu1b___m_u_s_e_r__alu16b.bin 1446923904
MO INV4_MXILINX_claAdder4b NULL claAdder4b.vf vlg5E/_i_n_v4___m_x_i_l_i_n_x__cla_adder4b.bin 1446923904
MO M2_1E_MXILINX_alu1b NULL alu1b.vf vlg38/_m2__1_e___m_x_i_l_i_n_x__alu1b.bin 1446923904
MO M2_1_MXILINX_alu1b NULL alu1b.vf vlg6F/_m2__1___m_x_i_l_i_n_x__alu1b.bin 1446923904
MO NOR16_MXILINX_alu16b NULL alu16b.vf vlg2C/_n_o_r16___m_x_i_l_i_n_x__alu16b.bin 1446923904
MO alu16b NULL alu16b.vf vlg1B/alu16b.bin 1446923904
MO claAdder4b NULL claAdder4b.vf vlg02/cla_adder4b.bin 1446923904
MO alu1b_MUSER_claAdder4b NULL claAdder4b.vf vlg11/alu1b___m_u_s_e_r__cla_adder4b.bin 1446923904
MO claAdde16b_MUSER_testALU NULL testALU.vf vlg3B/cla_adde16b___m_u_s_e_r__test_a_l_u.bin 1446923904
MO M2_1_MXILINX_testALU NULL testALU.vf vlg7C/_m2__1___m_x_i_l_i_n_x__test_a_l_u.bin 1446923904
MO M4_1E_MXILINX_alu16b NULL alu16b.vf vlg50/_m4__1_e___m_x_i_l_i_n_x__alu16b.bin 1446923904
MO add1b_MUSER_claAdder4b NULL claAdder4b.vf vlg7C/add1b___m_u_s_e_r__cla_adder4b.bin 1446923904
MO add1b_MUSER_alu16b NULL alu16b.vf vlg35/add1b___m_u_s_e_r__alu16b.bin 1446923904
MO INV4_MXILINX_testALU NULL testALU.vf vlg1A/_i_n_v4___m_x_i_l_i_n_x__test_a_l_u.bin 1446923904
MO M4_1E_MXILINX_testALU NULL testALU.vf vlg17/_m4__1_e___m_x_i_l_i_n_x__test_a_l_u.bin 1446923904
MO M2_1_MXILINX_claAdde16b NULL claAdde16b.vf vlg69/_m2__1___m_x_i_l_i_n_x__cla_adde16b.bin 1446923904
MO M4_1E_MXILINX_claAdde16b NULL claAdde16b.vf vlg18/_m4__1_e___m_x_i_l_i_n_x__cla_adde16b.bin 1446923904
MO add1b_MUSER_testALU NULL testALU.vf vlg10/add1b___m_u_s_e_r__test_a_l_u.bin 1446923904
MO M2_1E_MXILINX_claAdde16b NULL claAdde16b.vf vlg06/_m2__1_e___m_x_i_l_i_n_x__cla_adde16b.bin 1446923904
MO alu16b_MUSER_testALU NULL testALU.vf vlg63/alu16b___m_u_s_e_r__test_a_l_u.bin 1446923904
MO M2_1E_MXILINX_alu16b NULL alu16b.vf vlg1E/_m2__1_e___m_x_i_l_i_n_x__alu16b.bin 1446923904
MO M4_1E_MXILINX_alu1b NULL alu1b.vf vlg42/_m4__1_e___m_x_i_l_i_n_x__alu1b.bin 1446923904
MO NOR16_MXILINX_testALU NULL testALU.vf vlg63/_n_o_r16___m_x_i_l_i_n_x__test_a_l_u.bin 1446923904
MO INV4_MXILINX_claAdde16b NULL claAdde16b.vf vlg0F/_i_n_v4___m_x_i_l_i_n_x__cla_adde16b.bin 1446923904
MO testALU NULL testALU.vf vlg0E/test_a_l_u.bin 1446923904
