MO OR8_MXILINX_Interrupt_Register NULL Interrupt_Register.vf vlg45/_o_r8___m_x_i_l_i_n_x___interrupt___register.bin 1446601015
MO Decoder3b8 NULL Decoder3b8.vf vlg77/_decoder3b8.bin 1446687843
MO Interrupt_File NULL Interrupt_File.vf vlg3C/_interrupt___file.bin 1446687843
MO FD4CE_MXILINX_Interrupt_Register NULL Interrupt_Register.vf vlg3A/_f_d4_c_e___m_x_i_l_i_n_x___interrupt___register.bin 1446603496
MO Decoder3b8_MUSER_Interrupt_Register NULL Interrupt_Register.vf vlg42/_decoder3b8___m_u_s_e_r___interrupt___register.bin 1446687843
MO Interrupt_Register NULL Interrupt_Register.vf vlg15/_interrupt___register.bin 1446687843
