MO Old_and_New_Interrupt NULL Old_and_New_Interrupt.vf vlg62/_old__and___new___interrupt.bin 1446685858
MO Decoder3b8_MUSER_Interrupt_Register NULL Interrupt_Register.vf vlg42/_decoder3b8___m_u_s_e_r___interrupt___register.bin 1446685858
MO Or16b2_MUSER_Old_and_New_Interrupt NULL Old_and_New_Interrupt.vf vlg30/_or16b2___m_u_s_e_r___old__and___new___interrupt.bin 1446685858
MO Interrupt_Register NULL Interrupt_Register.vf vlg15/_interrupt___register.bin 1446685858
MO Or16b2 NULL Or16b2.vf vlg7C/_or16b2.bin 1446685858
